Component: ARM Compiler 5.06 update 4 (build 422) Tool: armlink [4d35d2]

==============================================================================

Section Cross References

    main.o(i.main) refers to init.o(i._Z8init_RCCv) for init_RCC()
    main.o(i.main) refers to init.o(i._Z9init_GPIOv) for init_GPIO()
    main.o(i.main) refers to init.o(i._Z10init_TIM16v) for init_TIM16()
    main.o(i.main) refers to delay.o(i._Z10delay_initv) for delay_init()
    main.o(i.main) refers to delay.o(i._Z8delay_mst) for delay_ms(unsigned short)
    main.o(i.main) refers to uart.o(i._Z9uart_initj) for uart_init(unsigned)
    main.o(i.main) refers to uart.o(i._Z10uart_printPc) for uart_print(char*)
    main.o(i.main) refers to i2c.o(i._Z8i2c_initv) for i2c_init()
    main.o(i.main) refers to i2c.o(i._Z19i2c_setSlaveAddressh) for i2c_setSlaveAddress(unsigned char)
    main.o(i.main) refers to wordclock.o(i._Z14wordclock_initv) for wordclock_init()
    main.o(i.main) refers to ds1307.o(i._Z15ds1307_loadTimev) for ds1307_loadTime()
    main.o(i.main) refers to ds1307.o(i._Z15ds1307_readTimePhS_S_S_S_S_S_) for ds1307_readTime(unsigned char*, unsigned char*, unsigned char*, unsigned char*, unsigned char*, unsigned char*, unsigned char*)
    main.o(i.main) refers to ds1307.o(i._Z14ds1307_setTimehhhhhhh) for ds1307_setTime(unsigned char, unsigned char, unsigned char, unsigned char, unsigned char, unsigned char, unsigned char)
    main.o(i.main) refers to wordclock.o(i._Z16wordclock_updatehh) for wordclock_update(unsigned char, unsigned char)
    main.o(i.main) refers to main.o(i.__ARM_common_switch8) for __ARM_common_switch8
    main.o(i.main) refers to uart.o(i._Z11uart_printfPcz) for uart_printf(char*, ...)
    main.o(i.main) refers to init.o(.data) for update
    main.o(i.main) refers to main.o(.data) for rtcDOW
    main.o(.ARM.exidx) refers to main.o(i.main) for i.main
    delay.o(.ARM.exidx) refers to delay.o(i._Z8delay_mst) for i._Z8delay_mst
    delay.o(.ARM.exidx) refers to delay.o(i._Z8delay_ust) for i._Z8delay_ust
    delay.o(.ARM.exidx) refers to delay.o(i._Z10delay_initv) for i._Z10delay_initv
    init.o(i.EXTI0_1_IRQHandler) refers to init.o(.data) for btn_hrs
    init.o(i.TIM16_IRQHandler) refers to init.o(.data) for update
    init.o(i._Z10init_TIM16v) refers to init.o(i._Z16NVIC_SetPriority9IRQn_Typej) for NVIC_SetPriority(IRQn_Type, unsigned)
    init.o(i._Z10init_TIM16v) refers to init.o(i._Z14NVIC_EnableIRQ9IRQn_Type) for NVIC_EnableIRQ(IRQn_Type)
    init.o(i._Z9init_GPIOv) refers to init.o(i._Z16NVIC_SetPriority9IRQn_Typej) for NVIC_SetPriority(IRQn_Type, unsigned)
    init.o(i._Z9init_GPIOv) refers to init.o(i._Z14NVIC_EnableIRQ9IRQn_Type) for NVIC_EnableIRQ(IRQn_Type)
    init.o(.ARM.exidx) refers to init.o(i._Z16NVIC_SetPriority9IRQn_Typej) for i._Z16NVIC_SetPriority9IRQn_Typej
    init.o(.ARM.exidx) refers to init.o(i._Z8init_RCCv) for i._Z8init_RCCv
    init.o(.ARM.exidx) refers to init.o(i._Z9init_GPIOv) for i._Z9init_GPIOv
    init.o(.ARM.exidx) refers to init.o(i._Z10init_TIM16v) for i._Z10init_TIM16v
    init.o(.ARM.exidx) refers to init.o(i.TIM16_IRQHandler) for i.TIM16_IRQHandler
    init.o(.ARM.exidx) refers to init.o(i.EXTI0_1_IRQHandler) for i.EXTI0_1_IRQHandler
    init.o(.ARM.exidx) refers to init.o(i._Z14NVIC_EnableIRQ9IRQn_Type) for i._Z14NVIC_EnableIRQ9IRQn_Type
    i2c.o(i._Z11i2c_requesth) refers to i2c.o(.bss) for RXbuffer
    i2c.o(i._Z12i2c_transmitv) refers to i2c.o(.data) for TXpos
    i2c.o(i._Z12i2c_transmitv) refers to i2c.o(.bss) for TXbuffer
    i2c.o(i._Z14i2c_readBufferh) refers to i2c.o(.bss) for RXbuffer
    i2c.o(i._Z15i2c_writeBufferh) refers to i2c.o(.data) for TXpos
    i2c.o(i._Z15i2c_writeBufferh) refers to i2c.o(.bss) for TXbuffer
    i2c.o(.ARM.exidx) refers to i2c.o(i._Z8i2c_initv) for i._Z8i2c_initv
    i2c.o(.ARM.exidx) refers to i2c.o(i._Z19i2c_setSlaveAddressh) for i._Z19i2c_setSlaveAddressh
    i2c.o(.ARM.exidx) refers to i2c.o(i._Z15i2c_writeBufferh) for i._Z15i2c_writeBufferh
    i2c.o(.ARM.exidx) refers to i2c.o(i._Z12i2c_transmitv) for i._Z12i2c_transmitv
    i2c.o(.ARM.exidx) refers to i2c.o(i._Z11i2c_requesth) for i._Z11i2c_requesth
    i2c.o(.ARM.exidx) refers to i2c.o(i._Z14i2c_readBufferh) for i._Z14i2c_readBufferh
    spi.o(.ARM.exidx) refers to spi.o(i._Z8spi_initv) for i._Z8spi_initv
    spi.o(.ARM.exidx) refers to spi.o(i._Z12spi_sendByteh) for i._Z12spi_sendByteh
    uart.o(i.USART1_IRQHandler) refers to uart.o(.data) for posRX
    uart.o(i.USART1_IRQHandler) refers to uart.o(.bss) for bufferRX
    uart.o(i._Z10uart_printPc) refers to uart.o(.bss) for bufferTX
    uart.o(i._Z11uart_printfPcz) refers to c89vsnprintf.o(.text) for __c89vsnprintf
    uart.o(i._Z11uart_printfPcz) refers to uart.o(.bss) for bufferTX
    uart.o(i._Z9uart_initj) refers to fflti.o(.text) for __aeabi_ui2f
    uart.o(i._Z9uart_initj) refers to fdiv.o(.text) for __aeabi_fdiv
    uart.o(i._Z9uart_initj) refers to floorf.o(i.floorf) for floorf
[...]
    ../clib/angel/handlers.s                 0x00000000   Number         0  __scatter_copy.o ABSOLUTE
    ../clib/angel/kernel.s                   0x00000000   Number         0  __rtentry.o ABSOLUTE
    ../clib/angel/kernel.s                   0x00000000   Number         0  rtexit.o ABSOLUTE
    ../clib/angel/kernel.s                   0x00000000   Number         0  __rtentry4.o ABSOLUTE
    ../clib/angel/kernel.s                   0x00000000   Number         0  __rtentry2.o ABSOLUTE
    ../clib/angel/kernel.s                   0x00000000   Number         0  rtexit2.o ABSOLUTE
    ../clib/angel/rt.s                       0x00000000   Number         0  rt_locale.o ABSOLUTE
    ../clib/angel/rt.s                       0x00000000   Number         0  rt_locale_intlibspace.o ABSOLUTE
    ../clib/angel/rt.s                       0x00000000   Number         0  aeabi_idiv0.o ABSOLUTE
    ../clib/angel/rt.s                       0x00000000   Number         0  aeabi_idiv0_sigfpe.o ABSOLUTE
    ../clib/angel/rt.s                       0x00000000   Number         0  rt_raise.o ABSOLUTE
    ../clib/angel/rt.s                       0x00000000   Number         0  rt_div0.o ABSOLUTE
    ../clib/angel/rt.s                       0x00000000   Number         0  rt_ctype_table.o ABSOLUTE
    ../clib/angel/scatterp.s                 0x00000000   Number         0  __scatter.o ABSOLUTE
    ../clib/angel/startup.s                  0x00000000   Number         0  __main.o ABSOLUTE
    ../clib/angel/sys.s                      0x00000000   Number         0  indicate_semi.o ABSOLUTE
    ../clib/angel/sys.s                      0x00000000   Number         0  use_no_semi.o ABSOLUTE
    ../clib/angel/sys.s                      0x00000000   Number         0  libspace.o ABSOLUTE
    ../clib/angel/sys.s                      0x00000000   Number         0  tempstk.o ABSOLUTE
    ../clib/angel/sys.s                      0x00000000   Number         0  sys_stackheap_outer.o ABSOLUTE
    ../clib/angel/sysapp.c                   0x00000000   Number         0  sys_command.o ABSOLUTE
    ../clib/angel/sysapp.c                   0x00000000   Number         0  sys_wrch.o ABSOLUTE
    ../clib/angel/sysapp.c                   0x00000000   Number         0  sys_exit.o ABSOLUTE
    ../clib/armsys.c                         0x00000000   Number         0  argv_veneer.o ABSOLUTE
    ../clib/armsys.c                         0x00000000   Number         0  _get_argv_nomalloc.o ABSOLUTE
    ../clib/armsys.c                         0x00000000   Number         0  no_argv.o ABSOLUTE
    ../clib/bigflt.c                         0x00000000   Number         0  bigflt0.o ABSOLUTE
    ../clib/btod.c                           0x00000000   Number         0  btod.o ABSOLUTE
    ../clib/division.c                       0x00000000   Number         0  rtudiv10.o ABSOLUTE
    ../clib/division.c                       0x00000000   Number         0  lludiv10.o ABSOLUTE
    ../clib/division.s                       0x00000000   Number         0  aeabi_sdiv_div0.o ABSOLUTE
    ../clib/division.s                       0x00000000   Number         0  aeabi_sdiv.o ABSOLUTE
    ../clib/heapalloc.c                      0x00000000   Number         0  hrguard.o ABSOLUTE
    ../clib/heapaux.c                        0x00000000   Number         0  heapauxi.o ABSOLUTE
    ../clib/libinit.s                        0x00000000   Number         0  libinit2.o ABSOLUTE
    ../clib/libinit.s                        0x00000000   Number         0  libshutdown2.o ABSOLUTE
    ../clib/libinit.s                        0x00000000   Number         0  libinit.o ABSOLUTE
    ../clib/libinit.s                        0x00000000   Number         0  libshutdown.o ABSOLUTE
    ../clib/locale.c                         0x00000000   Number         0  _wcrtomb.o ABSOLUTE
    ../clib/locale.s                         0x00000000   Number         0  lc_ctype_c.o ABSOLUTE
    ../clib/locale.s                         0x00000000   Number         0  lc_numeric_c.o ABSOLUTE
    ../clib/misc.s                           0x00000000   Number         0  printf_stubs.o ABSOLUTE
    ../clib/printf.c                         0x00000000   Number         0  _printf_charcount.o ABSOLUTE
    ../clib/printf.c                         0x00000000   Number         0  _printf_oct_ll.o ABSOLUTE
    ../clib/printf.c                         0x00000000   Number         0  _printf_dec.o ABSOLUTE
    ../clib/printf.c                         0x00000000   Number         0  _printf_str.o ABSOLUTE
    ../clib/printf.c                         0x00000000   Number         0  _sputc.o ABSOLUTE
    ../clib/printf.c                         0x00000000   Number         0  _printf_truncate.o ABSOLUTE
    ../clib/printf.c                         0x00000000   Number         0  _printf_pad.o ABSOLUTE
    ../clib/printf.c                         0x00000000   Number         0  __printf.o ABSOLUTE
    ../clib/printf.c                         0x00000000   Number         0  _snputc.o ABSOLUTE
    ../clib/printf.c                         0x00000000   Number         0  _printf_fp_infnan.o ABSOLUTE
    ../clib/printf.c                         0x00000000   Number         0  _printf_wctomb.o ABSOLUTE
    ../clib/printf.c                         0x00000000   Number         0  _printf_oct_int_ll.o ABSOLUTE
    ../clib/printf.c                         0x00000000   Number         0  _printf_hex_ll.o ABSOLUTE
    ../clib/printf.c                         0x00000000   Number         0  _printf_hex_int.o ABSOLUTE
    ../clib/printf.c                         0x00000000   Number         0  c89vsnprintf.o ABSOLUTE
    ../clib/printf.c                         0x00000000   Number         0  _printf_hex_ptr.o ABSOLUTE
    ../clib/printf.c                         0x00000000   Number         0  _printf_hex_int_ptr.o ABSOLUTE
    ../clib/printf.c                         0x00000000   Number         0  _printf_hex_ll_ptr.o ABSOLUTE
    ../clib/printf.c                         0x00000000   Number         0  _printf_hex_int_ll_ptr.o ABSOLUTE
    ../clib/printf.c                         0x00000000   Number         0  _printf_wchar.o ABSOLUTE
    ../clib/printf.c                         0x00000000   Number         0  _printf_char.o ABSOLUTE
    ../clib/printf.c                         0x00000000   Number         0  __printf_nopercent.o ABSOLUTE
    ../clib/printf.c                         0x00000000   Number         0  _printf_fp_dec.o ABSOLUTE
    ../clib/printf.c                         0x00000000   Number         0  __printf_flags.o ABSOLUTE
    ../clib/printf.c                         0x00000000   Number         0  _printf_hex_int_ll.o ABSOLUTE
    ../clib/printf.c                         0x00000000   Number         0  __printf_flags_ss.o ABSOLUTE
    ../clib/printf.c                         0x00000000   Number         0  __printf_wp.o ABSOLUTE
    ../clib/printf.c                         0x00000000   Number         0  _printf_intcommon.o ABSOLUTE
    ../clib/printf.c                         0x00000000   Number         0  __printf_flags_wp.o ABSOLUTE
    ../clib/printf.c                         0x00000000   Number         0  __printf_ss_wp.o ABSOLUTE
    ../clib/printf.c                         0x00000000   Number         0  __printf_flags_ss_wp.o ABSOLUTE
    ../clib/printf.c                         0x00000000   Number         0  _printf_char_common.o ABSOLUTE
    ../clib/printf.c                         0x00000000   Number         0  _printf_longlong_dec.o ABSOLUTE
    ../clib/printf.c                         0x00000000   Number         0  _printf_oct_int.o ABSOLUTE
    ../clib/printf.c                         0x00000000   Number         0  __printf_ss.o ABSOLUTE
    ../clib/printf_percent.s                 0x00000000   Number         0  _printf_x.o ABSOLUTE
    ../clib/printf_percent.s                 0x00000000   Number         0  _printf_p.o ABSOLUTE
    ../clib/printf_percent.s                 0x00000000   Number         0  _printf_llx.o ABSOLUTE
    ../clib/printf_percent.s                 0x00000000   Number         0  _printf_o.o ABSOLUTE
    ../clib/printf_percent.s                 0x00000000   Number         0  _printf_llo.o ABSOLUTE
    ../clib/printf_percent.s                 0x00000000   Number         0  _printf_i.o ABSOLUTE
    ../clib/printf_percent.s                 0x00000000   Number         0  _printf_ls.o ABSOLUTE
    ../clib/printf_percent.s                 0x00000000   Number         0  _printf_d.o ABSOLUTE
    ../clib/printf_percent.s                 0x00000000   Number         0  _printf_lc.o ABSOLUTE
    ../clib/printf_percent.s                 0x00000000   Number         0  _printf_u.o ABSOLUTE
    ../clib/printf_percent.s                 0x00000000   Number         0  _printf_l.o ABSOLUTE
    ../clib/printf_percent.s                 0x00000000   Number         0  _printf_f.o ABSOLUTE
    ../clib/printf_percent.s                 0x00000000   Number         0  _printf_e.o ABSOLUTE
    ../clib/printf_percent.s                 0x00000000   Number         0  _printf_llu.o ABSOLUTE
    ../clib/printf_percent.s                 0x00000000   Number         0  _printf_g.o ABSOLUTE
    ../clib/printf_percent.s                 0x00000000   Number         0  _printf_lld.o ABSOLUTE
    ../clib/printf_percent.s                 0x00000000   Number         0  _printf_a.o ABSOLUTE
    ../clib/printf_percent.s                 0x00000000   Number         0  _printf_lli.o ABSOLUTE
    ../clib/printf_percent.s                 0x00000000   Number         0  _printf_percent.o ABSOLUTE
    ../clib/printf_percent.s                 0x00000000   Number         0  _printf_percent_end.o ABSOLUTE
    ../clib/printf_percent.s                 0x00000000   Number         0  _printf_c.o ABSOLUTE
    ../clib/printf_percent.s                 0x00000000   Number         0  _printf_ll.o ABSOLUTE
    ../clib/printf_percent.s                 0x00000000   Number         0  _printf_s.o ABSOLUTE
    ../clib/printf_percent.s                 0x00000000   Number         0  _printf_n.o ABSOLUTE
    ../clib/signal.c                         0x00000000   Number         0  defsig_other.o ABSOLUTE
    ../clib/signal.c                         0x00000000   Number         0  defsig_rtmem_inner.o ABSOLUTE
    ../clib/signal.c                         0x00000000   Number         0  defsig_rtmem_outer.o ABSOLUTE
    ../clib/signal.c                         0x00000000   Number         0  defsig_fpe_formal.o ABSOLUTE
    ../clib/signal.c                         0x00000000   Number         0  defsig_rtmem_formal.o ABSOLUTE
    ../clib/signal.c                         0x00000000   Number         0  defsig_fpe_outer.o ABSOLUTE
    ../clib/signal.c                         0x00000000   Number         0  defsig_stak_inner.o ABSOLUTE
    ../clib/signal.c                         0x00000000   Number         0  defsig_pvfn_inner.o ABSOLUTE
    ../clib/signal.c                         0x00000000   Number         0  defsig_cppl_inner.o ABSOLUTE
    ../clib/signal.c                         0x00000000   Number         0  defsig_general.o ABSOLUTE
    ../clib/signal.c                         0x00000000   Number         0  __raise.o ABSOLUTE
    ../clib/signal.c                         0x00000000   Number         0  defsig_segv_inner.o ABSOLUTE
    ../clib/signal.c                         0x00000000   Number         0  defsig_exit.o ABSOLUTE
    ../clib/signal.c                         0x00000000   Number         0  defsig_fpe_inner.o ABSOLUTE
    ../clib/signal.c                         0x00000000   Number         0  defsig_abrt_inner.o ABSOLUTE
    ../clib/signal.c                         0x00000000   Number         0  defsig_rtred_inner.o ABSOLUTE
    ../clib/signal.s                         0x00000000   Number         0  defsig.o ABSOLUTE
    ../clib/stdlib.c                         0x00000000   Number         0  exit.o ABSOLUTE
    ../clib/string.c                         0x00000000   Number         0  strcmp.o ABSOLUTE
    ../fplib/cfplib/fdiv.c                   0x00000000   Number         0  fdiv.o ABSOLUTE
    ../fplib/cfplib/ffix.c                   0x00000000   Number         0  ffixui.o ABSOLUTE
    ../fplib/cfplib/fflt.c                   0x00000000   Number         0  fflti.o ABSOLUTE
    ../fplib/cfplib/fpinit.c                 0x00000000   Number         0  fpinit.o ABSOLUTE
    ../fplib/cfplib/ieee_status.c            0x00000000   Number         0  ieee_status.o ABSOLUTE
    ../fplib/faddsub6m.s                     0x00000000   Number         0  faddsub.o ABSOLUTE
    ../fplib/printf1.s                       0x00000000   Number         0  printf1.o ABSOLUTE
    ../fplib/usenofp.s                       0x00000000   Number         0  usenofp.o ABSOLUTE
    ../mathlib/floorf.c                      0x00000000   Number         0  floorf.o ABSOLUTE
    ../mathlib/fpclassify.c                  0x00000000   Number         0  fpclassify.o ABSOLUTE
    RTE\Device\STM32F030F4\startup_stm32f030x6.s 0x00000000   Number         0  startup_stm32f030x6.o ABSOLUTE
    RTE\Device\STM32F030F4\system_stm32f0xx.c 0x00000000   Number         0  system_stm32f0xx.o ABSOLUTE
    RTE\\Device\\STM32F030F4\\system_stm32f0xx.c 0x00000000   Number         0  system_stm32f0xx.o ABSOLUTE
    dc.s                                     0x00000000   Number         0  dc.o ABSOLUTE
    delay.cpp                                0x00000000   Number         0  delay.o ABSOLUTE
    delay.cpp                                0x00000000   Number         0  delay.o ABSOLUTE
    ds1307.cpp                               0x00000000   Number         0  ds1307.o ABSOLUTE
    i2c.cpp                                  0x00000000   Number         0  i2c.o ABSOLUTE
    i2c.cpp                                  0x00000000   Number         0  i2c.o ABSOLUTE
    init.cpp                                 0x00000000   Number         0  init.o ABSOLUTE
    init.cpp                                 0x00000000   Number         0  init.o ABSOLUTE
    main.cpp                                 0x00000000   Number         0  main.o ABSOLUTE
    main.cpp                                 0x00000000   Number         0  main.o ABSOLUTE
    max7219.cpp                              0x00000000   Number         0  max7219.o ABSOLUTE
    max7219.cpp                              0x00000000   Number         0  max7219.o ABSOLUTE
    spi.cpp                                  0x00000000   Number         0  spi.o ABSOLUTE
    spi.cpp                                  0x00000000   Number         0  spi.o ABSOLUTE
    uart.cpp                                 0x00000000   Number         0  uart.o ABSOLUTE
    uart.cpp                                 0x00000000   Number         0  uart.o ABSOLUTE
    wordclock.cpp                            0x00000000   Number         0  wordclock.o ABSOLUTE
    wordclock.cpp                            0x00000000   Number         0  wordclock.o ABSOLUTE
    RESET                                    0x08000000   Section      176  startup_stm32f030x6.o(RESET)
    !!!main                                  0x080000b0   Section        8  __main.o(!!!main)
    !!!scatter                               0x080000b8   Section       60  __scatter.o(!!!scatter)
    !!handler_copy                           0x080000f4   Section       26  __scatter_copy.o(!!handler_copy)
    !!handler_zi                             0x08000110   Section       28  __scatter_zi.o(!!handler_zi)
    .ARM.Collect$$_printf_percent$$00000000  0x0800012c   Section        2  _printf_percent.o(.ARM.Collect$$_printf_percent$$00000000)
    .ARM.Collect$$_printf_percent$$00000001  0x0800012e   Section       10  _printf_n.o(.ARM.Collect$$_printf_percent$$00000001)
    .ARM.Collect$$_printf_percent$$00000002  0x08000138   Section       10  _printf_p.o(.ARM.Collect$$_printf_percent$$00000002)
    .ARM.Collect$$_printf_percent$$00000003  0x08000142   Section       10  _printf_f.o(.ARM.Collect$$_printf_percent$$00000003)
    .ARM.Collect$$_printf_percent$$00000004  0x0800014c   Section       10  _printf_e.o(.ARM.Collect$$_printf_percent$$00000004)
    .ARM.Collect$$_printf_percent$$00000005  0x08000156   Section       10  _printf_g.o(.ARM.Collect$$_printf_percent$$00000005)
    .ARM.Collect$$_printf_percent$$00000006  0x08000160   Section       10  _printf_a.o(.ARM.Collect$$_printf_percent$$00000006)
    .ARM.Collect$$_printf_percent$$00000007  0x0800016a   Section       10  _printf_ll.o(.ARM.Collect$$_printf_percent$$00000007)
    .ARM.Collect$$_printf_percent$$00000008  0x08000174   Section       10  _printf_i.o(.ARM.Collect$$_printf_percent$$00000008)
    .ARM.Collect$$_printf_percent$$00000009  0x0800017e   Section       10  _printf_d.o(.ARM.Collect$$_printf_percent$$00000009)
    .ARM.Collect$$_printf_percent$$0000000A  0x08000188   Section       10  _printf_u.o(.ARM.Collect$$_printf_percent$$0000000A)
    .ARM.Collect$$_printf_percent$$0000000B  0x08000192   Section       10  _printf_o.o(.ARM.Collect$$_printf_percent$$0000000B)
    .ARM.Collect$$_printf_percent$$0000000C  0x0800019c   Section       10  _printf_x.o(.ARM.Collect$$_printf_percent$$0000000C)
    .ARM.Collect$$_printf_percent$$0000000D  0x080001a6   Section       10  _printf_lli.o(.ARM.Collect$$_printf_percent$$0000000D)
    .ARM.Collect$$_printf_percent$$0000000E  0x080001b0   Section       10  _printf_lld.o(.ARM.Collect$$_printf_percent$$0000000E)
    .ARM.Collect$$_printf_percent$$0000000F  0x080001ba   Section       10  _printf_llu.o(.ARM.Collect$$_printf_percent$$0000000F)
    .ARM.Collect$$_printf_percent$$00000010  0x080001c4   Section       10  _printf_llo.o(.ARM.Collect$$_printf_percent$$00000010)
    .ARM.Collect$$_printf_percent$$00000011  0x080001ce   Section       10  _printf_llx.o(.ARM.Collect$$_printf_percent$$00000011)
    .ARM.Collect$$_printf_percent$$00000012  0x080001d8   Section       10  _printf_l.o(.ARM.Collect$$_printf_percent$$00000012)
    .ARM.Collect$$_printf_percent$$00000013  0x080001e2   Section       10  _printf_c.o(.ARM.Collect$$_printf_percent$$00000013)
    .ARM.Collect$$_printf_percent$$00000014  0x080001ec   Section       10  _printf_s.o(.ARM.Collect$$_printf_percent$$00000014)
    .ARM.Collect$$_printf_percent$$00000015  0x080001f6   Section       10  _printf_lc.o(.ARM.Collect$$_printf_percent$$00000015)
    .ARM.Collect$$_printf_percent$$00000016  0x08000200   Section       10  _printf_ls.o(.ARM.Collect$$_printf_percent$$00000016)
    .ARM.Collect$$_printf_percent$$00000017  0x0800020a   Section        4  _printf_percent_end.o(.ARM.Collect$$_printf_percent$$00000017)
    .ARM.Collect$$libinit$$00000000          0x0800020e   Section        2  libinit.o(.ARM.Collect$$libinit$$00000000)
    .ARM.Collect$$libinit$$00000002          0x08000210   Section        0  libinit2.o(.ARM.Collect$$libinit$$00000002)
    .ARM.Collect$$libinit$$00000004          0x08000210   Section        0  libinit2.o(.ARM.Collect$$libinit$$00000004)
    .ARM.Collect$$libinit$$0000000A          0x08000210   Section        0  libinit2.o(.ARM.Collect$$libinit$$0000000A)
    .ARM.Collect$$libinit$$0000000C          0x08000210   Section        0  libinit2.o(.ARM.Collect$$libinit$$0000000C)
    .ARM.Collect$$libinit$$0000000E          0x08000210   Section        0  libinit2.o(.ARM.Collect$$libinit$$0000000E)
    .ARM.Collect$$libinit$$0000000F          0x08000210   Section        6  libinit2.o(.ARM.Collect$$libinit$$0000000F)
    .ARM.Collect$$libinit$$00000011          0x08000216   Section        0  libinit2.o(.ARM.Collect$$libinit$$00000011)
    .ARM.Collect$$libinit$$00000012          0x08000216   Section       12  libinit2.o(.ARM.Collect$$libinit$$00000012)
    .ARM.Collect$$libinit$$00000013          0x08000222   Section        0  libinit2.o(.ARM.Collect$$libinit$$00000013)
    .ARM.Collect$$libinit$$00000015          0x08000222   Section        0  libinit2.o(.ARM.Collect$$libinit$$00000015)
    .ARM.Collect$$libinit$$00000016          0x08000222   Section       10  libinit2.o(.ARM.Collect$$libinit$$00000016)
    .ARM.Collect$$libinit$$00000017          0x0800022c   Section        0  libinit2.o(.ARM.Collect$$libinit$$00000017)
    .ARM.Collect$$libinit$$00000019          0x0800022c   Section        0  libinit2.o(.ARM.Collect$$libinit$$00000019)
    .ARM.Collect$$libinit$$0000001B          0x0800022c   Section        0  libinit2.o(.ARM.Collect$$libinit$$0000001B)
    .ARM.Collect$$libinit$$0000001D          0x0800022c   Section        0  libinit2.o(.ARM.Collect$$libinit$$0000001D)
    .ARM.Collect$$libinit$$0000001F          0x0800022c   Section        0  libinit2.o(.ARM.Collect$$libinit$$0000001F)
    .ARM.Collect$$libinit$$00000021          0x0800022c   Section        0  libinit2.o(.ARM.Collect$$libinit$$00000021)
    .ARM.Collect$$libinit$$00000023          0x0800022c   Section        0  libinit2.o(.ARM.Collect$$libinit$$00000023)
    .ARM.Collect$$libinit$$00000025          0x0800022c   Section        0  libinit2.o(.ARM.Collect$$libinit$$00000025)
    .ARM.Collect$$libinit$$0000002C          0x0800022c   Section        0  libinit2.o(.ARM.Collect$$libinit$$0000002C)
    .ARM.Collect$$libinit$$0000002E          0x0800022c   Section        0  libinit2.o(.ARM.Collect$$libinit$$0000002E)
    .ARM.Collect$$libinit$$00000030          0x0800022c   Section        0  libinit2.o(.ARM.Collect$$libinit$$00000030)
    .ARM.Collect$$libinit$$00000032          0x0800022c   Section        0  libinit2.o(.ARM.Collect$$libinit$$00000032)
    .ARM.Collect$$libinit$$00000033          0x0800022c   Section        2  libinit2.o(.ARM.Collect$$libinit$$00000033)
    .ARM.Collect$$libshutdown$$00000000      0x0800022e   Section        2  libshutdown.o(.ARM.Collect$$libshutdown$$00000000)
    .ARM.Collect$$libshutdown$$00000002      0x08000230   Section        0  libshutdown2.o(.ARM.Collect$$libshutdown$$00000002)
    .ARM.Collect$$libshutdown$$00000004      0x08000230   Section        0  libshutdown2.o(.ARM.Collect$$libshutdown$$00000004)
    .ARM.Collect$$libshutdown$$00000007      0x08000230   Section        0  libshutdown2.o(.ARM.Collect$$libshutdown$$00000007)
    .ARM.Collect$$libshutdown$$0000000A      0x08000230   Section        0  libshutdown2.o(.ARM.Collect$$libshutdown$$0000000A)
    .ARM.Collect$$libshutdown$$0000000C      0x08000230   Section        0  libshutdown2.o(.ARM.Collect$$libshutdown$$0000000C)
    .ARM.Collect$$libshutdown$$0000000F      0x08000230   Section        0  libshutdown2.o(.ARM.Collect$$libshutdown$$0000000F)
    .ARM.Collect$$libshutdown$$00000010      0x08000230   Section        2  libshutdown2.o(.ARM.Collect$$libshutdown$$00000010)
    .ARM.Collect$$rtentry$$00000000          0x08000232   Section        0  __rtentry.o(.ARM.Collect$$rtentry$$00000000)
    .ARM.Collect$$rtentry$$00000002          0x08000232   Section        0  __rtentry2.o(.ARM.Collect$$rtentry$$00000002)
    .ARM.Collect$$rtentry$$00000004          0x08000232   Section        6  __rtentry4.o(.ARM.Collect$$rtentry$$00000004)
    .ARM.Collect$$rtentry$$00000009          0x08000238   Section        0  __rtentry2.o(.ARM.Collect$$rtentry$$00000009)
    .ARM.Collect$$rtentry$$0000000A          0x08000238   Section        4  __rtentry2.o(.ARM.Collect$$rtentry$$0000000A)
    .ARM.Collect$$rtentry$$0000000C          0x0800023c   Section        0  __rtentry2.o(.ARM.Collect$$rtentry$$0000000C)
    .ARM.Collect$$rtentry$$0000000D          0x0800023c   Section        8  __rtentry2.o(.ARM.Collect$$rtentry$$0000000D)
    .ARM.Collect$$rtexit$$00000000           0x08000244   Section        2  rtexit.o(.ARM.Collect$$rtexit$$00000000)
    .ARM.Collect$$rtexit$$00000002           0x08000246   Section        0  rtexit2.o(.ARM.Collect$$rtexit$$00000002)
    .ARM.Collect$$rtexit$$00000003           0x08000246   Section        4  rtexit2.o(.ARM.Collect$$rtexit$$00000003)
    .ARM.Collect$$rtexit$$00000004           0x0800024a   Section        6  rtexit2.o(.ARM.Collect$$rtexit$$00000004)
    .text                                    0x08000250   Section       56  startup_stm32f030x6.o(.text)
    .text                                    0x08000288   Section        0  c89vsnprintf.o(.text)
    .text                                    0x080002c0   Section      346  aeabi_sdiv.o(.text)
    .text                                    0x0800041a   Section        0  heapauxi.o(.text)
    .text                                    0x08000420   Section        0  fdiv.o(.text)
    .text                                    0x08000580   Section        0  ffixui.o(.text)
    .text                                    0x080005b0   Section        0  fflti.o(.text)
    .text                                    0x0800060e   Section        0  _printf_pad.o(.text)
    .text                                    0x0800065c   Section        0  _printf_truncate.o(.text)
    .text                                    0x08000680   Section        0  _printf_str.o(.text)
    .text                                    0x080006d4   Section        0  _printf_dec.o(.text)
    .text                                    0x08000740   Section        0  _printf_charcount.o(.text)
    .text                                    0x08000768   Section        0  _printf_char_common.o(.text)
    _printf_input_char                       0x08000769   Thumb Code    10  _printf_char_common.o(.text)
    .text                                    0x08000798   Section        0  _sputc.o(.text)
    .text                                    0x080007a2   Section        0  _snputc.o(.text)
    .text                                    0x080007b4   Section        0  _printf_wctomb.o(.text)
    .text                                    0x08000870   Section        0  _printf_longlong_dec.o(.text)
    .text                                    0x080008e0   Section        0  _printf_oct_int_ll.o(.text)
    _printf_longlong_oct_internal            0x080008e1   Thumb Code     0  _printf_oct_int_ll.o(.text)
    .text                                    0x08000950   Section        0  _printf_hex_int_ll_ptr.o(.text)
    _printf_hex_common                       0x08000951   Thumb Code     0  _printf_hex_int_ll_ptr.o(.text)
    .text                                    0x080009e8   Section        0  __printf_flags_ss_wp.o(.text)
    .text                                    0x08000b70   Section        0  lludiv10.o(.text)
    .text                                    0x08000bea   Section        0  _printf_intcommon.o(.text)
    .text                                    0x08000c9c   Section        0  _printf_fp_dec.o(.text)
    _fp_digits                               0x08000c9f   Thumb Code   408  _printf_fp_dec.o(.text)
    .text                                    0x080010b0   Section        0  _printf_char.o(.text)
    .text                                    0x080010de   Section        0  _printf_wchar.o(.text)
    .text                                    0x0800110c   Section        0  _wcrtomb.o(.text)
    .text                                    0x0800114c   Section        0  rtudiv10.o(.text)
    .text                                    0x08001174   Section       62  sys_stackheap_outer.o(.text)
    .text                                    0x080011b4   Section       16  rt_ctype_table.o(.text)
    .text                                    0x080011c4   Section        8  rt_locale_intlibspace.o(.text)
    .text                                    0x080011cc   Section        0  _printf_fp_infnan.o(.text)
    .text                                    0x08001254   Section        0  bigflt0.o(.text)
    .text                                    0x0800131c   Section        0  btod.o(.text)
    btod_internal_mul                        0x0800135d   Thumb Code   456  btod.o(.text)
    btod_internal_div                        0x08001525   Thumb Code   494  btod.o(.text)
    .text                                    0x080017e4   Section        0  exit.o(.text)
    .text                                    0x080017f4   Section        8  libspace.o(.text)
    .text                                    0x080017fc   Section        0  strcmp.o(.text)
    .text                                    0x08001884   Section        0  sys_exit.o(.text)
    .text                                    0x08001890   Section        2  use_no_semi.o(.text)
    .text                                    0x08001892   Section        0  indicate_semi.o(.text)
    i.EXTI0_1_IRQHandler                     0x08001894   Section        0  init.o(i.EXTI0_1_IRQHandler)
    i.SystemInit                             0x080018e8   Section        0  system_stm32f0xx.o(i.SystemInit)
    i.TIM16_IRQHandler                       0x0800195c   Section        0  init.o(i.TIM16_IRQHandler)
    i.USART1_IRQHandler                      0x08001978   Section        0  uart.o(i.USART1_IRQHandler)
    i._Z10delay_initv                        0x080019a8   Section        0  delay.o(i._Z10delay_initv)
    i._Z10init_TIM16v                        0x080019bc   Section        0  init.o(i._Z10init_TIM16v)
    i._Z10uart_printPc                       0x08001a18   Section        0  uart.o(i._Z10uart_printPc)
    i._Z11i2c_requesth                       0x08001a5c   Section        0  i2c.o(i._Z11i2c_requesth)
    i._Z11uart_printfPcz                     0x08001ab8   Section        0  uart.o(i._Z11uart_printfPcz)
    i._Z12i2c_transmitv                      0x08001b04   Section        0  i2c.o(i._Z12i2c_transmitv)
    i._Z12max7219_initv                      0x08001b70   Section        0  max7219.o(i._Z12max7219_initv)
    i._Z14NVIC_EnableIRQ9IRQn_Type           0x08001c2c   Section        0  init.o(i._Z14NVIC_EnableIRQ9IRQn_Type)
    NVIC_EnableIRQ(IRQn_Type)                0x08001c2d   Thumb Code    18  init.o(i._Z14NVIC_EnableIRQ9IRQn_Type)
    i._Z14ds1307_setTimehhhhhhh              0x08001c44   Section        0  ds1307.o(i._Z14ds1307_setTimehhhhhhh)
    i._Z14i2c_readBufferh                    0x08001d10   Section        0  i2c.o(i._Z14i2c_readBufferh)
    i._Z14wordclock_initv                    0x08001d1c   Section        0  wordclock.o(i._Z14wordclock_initv)
    i._Z15ds1307_loadTimev                   0x08001d24   Section        0  ds1307.o(i._Z15ds1307_loadTimev)
    i._Z15ds1307_readTimePhS_S_S_S_S_S_      0x08001d54   Section        0  ds1307.o(i._Z15ds1307_readTimePhS_S_S_S_S_S_)
    i._Z15i2c_writeBufferh                   0x08001dfc   Section        0  i2c.o(i._Z15i2c_writeBufferh)
    i._Z16NVIC_SetPriority9IRQn_Typej        0x08001e18   Section        0  init.o(i._Z16NVIC_SetPriority9IRQn_Typej)
    NVIC_SetPriority(IRQn_Type, unsigned)    0x08001e19   Thumb Code   110  init.o(i._Z16NVIC_SetPriority9IRQn_Typej)
    i._Z16NVIC_SetPriority9IRQn_Typej        0x08001e90   Section        0  uart.o(i._Z16NVIC_SetPriority9IRQn_Typej)
    NVIC_SetPriority(IRQn_Type, unsigned)    0x08001e91   Thumb Code   110  uart.o(i._Z16NVIC_SetPriority9IRQn_Typej)
    i._Z16wordclock_updatehh                 0x08001f08   Section        0  wordclock.o(i._Z16wordclock_updatehh)
    i._Z19i2c_setSlaveAddressh               0x08002724   Section        0  i2c.o(i._Z19i2c_setSlaveAddressh)
    i._Z19max7219_zeroDisplayv               0x08002734   Section        0  max7219.o(i._Z19max7219_zeroDisplayv)
    i._Z20max7219_setIntensityh              0x08002754   Section        0  max7219.o(i._Z20max7219_setIntensityh)
    i._Z20wordclock_sendBufferv              0x08002768   Section        0  wordclock.o(i._Z20wordclock_sendBufferv)
    i._Z25max7219_writeAllRegistershh        0x080027c0   Section        0  max7219.o(i._Z25max7219_writeAllRegistershh)
    i._Z27max7219_writeSingleRegisterhh      0x080027f0   Section        0  max7219.o(i._Z27max7219_writeSingleRegisterhh)
    i._Z8delay_mst                           0x0800281c   Section        0  delay.o(i._Z8delay_mst)
    i._Z8delay_ust                           0x08002850   Section        0  delay.o(i._Z8delay_ust)
    i._Z8i2c_initv                           0x08002880   Section        0  i2c.o(i._Z8i2c_initv)
    i._Z8init_RCCv                           0x080028f0   Section        0  init.o(i._Z8init_RCCv)
    i._Z9init_GPIOv                          0x08002950   Section        0  init.o(i._Z9init_GPIOv)
    i._Z9uart_initj                          0x080029ac   Section        0  uart.o(i._Z9uart_initj)
    i.__ARM_common_ll_muluu                  0x08002aac   Section        0  btod.o(i.__ARM_common_ll_muluu)
    i.__ARM_common_switch8                   0x08002adc   Section        0  main.o(i.__ARM_common_switch8)
    i.__ARM_fpclassify                       0x08002af8   Section        0  fpclassify.o(i.__ARM_fpclassify)
    i._is_digit                              0x08002b24   Section        0  __printf_wp.o(i._is_digit)
    i.floorf                                 0x08002b34   Section        0  floorf.o(i.floorf)
    i.main                                   0x08002ba4   Section        0  main.o(i.main)
    locale$$code                             0x08002da4   Section       44  lc_numeric_c.o(locale$$code)
    locale$$code                             0x08002dd0   Section       44  lc_ctype_c.o(locale$$code)
    x$fpl$fadd                               0x08002dfc   Section      140  faddsub.o(x$fpl$fadd)
    _fadd1                                   0x08002e09   Thumb Code     0  faddsub.o(x$fpl$fadd)
    x$fpl$frsb                               0x08002e88   Section       24  faddsub.o(x$fpl$frsb)
    x$fpl$fsub                               0x08002ea0   Section      208  faddsub.o(x$fpl$fsub)
    _fsub1                                   0x08002ead   Thumb Code     0  faddsub.o(x$fpl$fsub)
    x$fpl$printf1                            0x08002f70   Section       16  printf1.o(x$fpl$printf1)
    .constdata                               0x08002f80   Section       64  fdiv.o(.constdata)
    x$fpl$usenofp                            0x08002f80   Section        0  usenofp.o(x$fpl$usenofp)
    fdiv_tab                                 0x08002f80   Data          64  fdiv.o(.constdata)
    .constdata                               0x08002fc0   Section        8  _printf_wctomb.o(.constdata)
    initial_mbstate                          0x08002fc0   Data           8  _printf_wctomb.o(.constdata)
    .constdata                               0x08002fc8   Section       40  _printf_hex_int_ll_ptr.o(.constdata)
    uc_hextab                                0x08002fc8   Data          20  _printf_hex_int_ll_ptr.o(.constdata)
    lc_hextab                                0x08002fdc   Data          20  _printf_hex_int_ll_ptr.o(.constdata)
    .constdata                               0x08002ff0   Section       17  __printf_flags_ss_wp.o(.constdata)
    maptable                                 0x08002ff0   Data          17  __printf_flags_ss_wp.o(.constdata)
    .constdata                               0x08003004   Section      148  bigflt0.o(.constdata)
    tenpwrs_x                                0x08003004   Data          60  bigflt0.o(.constdata)
    tenpwrs_i                                0x08003040   Data          64  bigflt0.o(.constdata)
    locale$$data                             0x080030b8   Section       28  lc_numeric_c.o(locale$$data)
    __lcnum_c_name                           0x080030bc   Data           2  lc_numeric_c.o(locale$$data)
    __lcnum_c_start                          0x080030c4   Data           0  lc_numeric_c.o(locale$$data)
    __lcnum_c_point                          0x080030d0   Data           0  lc_numeric_c.o(locale$$data)
    __lcnum_c_thousands                      0x080030d2   Data           0  lc_numeric_c.o(locale$$data)
    __lcnum_c_grouping                       0x080030d3   Data           0  lc_numeric_c.o(locale$$data)
    locale$$data                             0x080030d4   Section      272  lc_ctype_c.o(locale$$data)
    __lcnum_c_end                            0x080030d4   Data           0  lc_numeric_c.o(locale$$data)
    __lcctype_c_name                         0x080030d8   Data           2  lc_ctype_c.o(locale$$data)
    __lcctype_c_start                        0x080030e0   Data           0  lc_ctype_c.o(locale$$data)
    __lcctype_c_end                          0x080031e4   Data           0  lc_ctype_c.o(locale$$data)
    .data                                    0x20000000   Section        7  main.o(.data)
    .data                                    0x20000007   Section        3  init.o(.data)
    .data                                    0x2000000a   Section        1  i2c.o(.data)
    .data                                    0x2000000b   Section        1  uart.o(.data)
    .data                                    0x2000000c   Section        8  ds1307.o(.data)
    .bss                                     0x20000014   Section       24  i2c.o(.bss)
    .bss                                     0x2000002c   Section      160  uart.o(.bss)
    .bss                                     0x200000cc   Section       24  wordclock.o(.bss)
    .bss                                     0x200000e4   Section       96  libspace.o(.bss)
    HEAP                                     0x20000148   Section      512  startup_stm32f030x6.o(HEAP)
    Heap_Mem                                 0x20000148   Data         512  startup_stm32f030x6.o(HEAP)
    STACK                                    0x20000348   Section     1024  startup_stm32f030x6.o(STACK)
    Stack_Mem                                0x20000348   Data        1024  startup_stm32f030x6.o(STACK)
    __initial_sp                             0x20000748   Data           0  startup_stm32f030x6.o(STACK)

    Global Symbols

    Symbol Name                              Value     Ov Type        Size  Object(Section)

    BuildAttributes$$THM_ISAv3M$S$PE$A:L22$X:L11$S22$IEEE1$IW$USESV6$~STKCKD$USESV7$~SHL$OTIME$ROPI$IEEEJ$EBA8$UX$STANDARDLIB$REQ8$PRES8$EABIv2 0x00000000   Number         0  anon$$obj.o ABSOLUTE
    __ARM_use_no_argv                        0x00000000   Number         0  main.o ABSOLUTE
    _printf_flags                            0x00000000   Number         0  printf_stubs.o ABSOLUTE
    _printf_return_value                     0x00000000   Number         0  printf_stubs.o ABSOLUTE
    _printf_sizespec                         0x00000000   Number         0  printf_stubs.o ABSOLUTE
    _printf_widthprec                        0x00000000   Number         0  printf_stubs.o ABSOLUTE
    __ARM_exceptions_init                     - Undefined Weak Reference
    __alloca_initialize                       - Undefined Weak Reference
    __arm_preinit_                            - Undefined Weak Reference
    __cpp_initialize__aeabi_                  - Undefined Weak Reference
    __cxa_finalize                            - Undefined Weak Reference
    __sigvec_lookup                           - Undefined Weak Reference
    _atexit_init                              - Undefined Weak Reference
    _call_atexit_fns                          - Undefined Weak Reference
    _clock_init                               - Undefined Weak Reference
    _fp_trap_init                             - Undefined Weak Reference
    _fp_trap_shutdown                         - Undefined Weak Reference
    _get_lc_collate                           - Undefined Weak Reference
    _get_lc_monetary                          - Undefined Weak Reference
    _get_lc_time                              - Undefined Weak Reference
    _getenv_init                              - Undefined Weak Reference
    _handle_redirection                       - Undefined Weak Reference
    _init_alloc                               - Undefined Weak Reference
    _init_user_alloc                          - Undefined Weak Reference
    _initio                                   - Undefined Weak Reference
    _printf_fp_hex                            - Undefined Weak Reference
    _printf_mbtowc                            - Undefined Weak Reference
    _printf_wc                                - Undefined Weak Reference
    _rand_init                                - Undefined Weak Reference
    _signal_finish                            - Undefined Weak Reference
    _signal_init                              - Undefined Weak Reference
    _terminate_alloc                          - Undefined Weak Reference
    _terminate_user_alloc                     - Undefined Weak Reference
    _terminateio                              - Undefined Weak Reference
    __Vectors_Size                           0x000000b0   Number         0  startup_stm32f030x6.o ABSOLUTE
    __Vectors                                0x08000000   Data           4  startup_stm32f030x6.o(RESET)
    __Vectors_End                            0x080000b0   Data           0  startup_stm32f030x6.o(RESET)
    __main                                   0x080000b1   Thumb Code     8  __main.o(!!!main)
    __scatterload                            0x080000b9   Thumb Code     0  __scatter.o(!!!scatter)
    __scatterload_rt2                        0x080000b9   Thumb Code    52  __scatter.o(!!!scatter)
    __scatterload_rt2_thumb_only             0x080000b9   Thumb Code     0  __scatter.o(!!!scatter)
    __scatterload_null                       0x080000c9   Thumb Code     0  __scatter.o(!!!scatter)
    __scatterload_copy                       0x080000f5   Thumb Code    26  __scatter_copy.o(!!handler_copy)
    __scatterload_zeroinit                   0x08000111   Thumb Code    28  __scatter_zi.o(!!handler_zi)
    _printf_percent                          0x0800012d   Thumb Code     0  _printf_percent.o(.ARM.Collect$$_printf_percent$$00000000)
    _printf_n                                0x0800012f   Thumb Code     0  _printf_n.o(.ARM.Collect$$_printf_percent$$00000001)
    _printf_p                                0x08000139   Thumb Code     0  _printf_p.o(.ARM.Collect$$_printf_percent$$00000002)
    _printf_f                                0x08000143   Thumb Code     0  _printf_f.o(.ARM.Collect$$_printf_percent$$00000003)
    _printf_e                                0x0800014d   Thumb Code     0  _printf_e.o(.ARM.Collect$$_printf_percent$$00000004)
    _printf_g                                0x08000157   Thumb Code     0  _printf_g.o(.ARM.Collect$$_printf_percent$$00000005)
    _printf_a                                0x08000161   Thumb Code     0  _printf_a.o(.ARM.Collect$$_printf_percent$$00000006)
    _printf_ll                               0x0800016b   Thumb Code     0  _printf_ll.o(.ARM.Collect$$_printf_percent$$00000007)
    _printf_i                                0x08000175   Thumb Code     0  _printf_i.o(.ARM.Collect$$_printf_percent$$00000008)
    _printf_d                                0x0800017f   Thumb Code     0  _printf_d.o(.ARM.Collect$$_printf_percent$$00000009)
    _printf_u                                0x08000189   Thumb Code     0  _printf_u.o(.ARM.Collect$$_printf_percent$$0000000A)
    _printf_o                                0x08000193   Thumb Code     0  _printf_o.o(.ARM.Collect$$_printf_percent$$0000000B)
    _printf_x                                0x0800019d   Thumb Code     0  _printf_x.o(.ARM.Collect$$_printf_percent$$0000000C)
    _printf_lli                              0x080001a7   Thumb Code     0  _printf_lli.o(.ARM.Collect$$_printf_percent$$0000000D)
    _printf_lld                              0x080001b1   Thumb Code     0  _printf_lld.o(.ARM.Collect$$_printf_percent$$0000000E)
    _printf_llu                              0x080001bb   Thumb Code     0  _printf_llu.o(.ARM.Collect$$_printf_percent$$0000000F)
    _printf_llo                              0x080001c5   Thumb Code     0  _printf_llo.o(.ARM.Collect$$_printf_percent$$00000010)
    _printf_llx                              0x080001cf   Thumb Code     0  _printf_llx.o(.ARM.Collect$$_printf_percent$$00000011)
    _printf_l                                0x080001d9   Thumb Code     0  _printf_l.o(.ARM.Collect$$_printf_percent$$00000012)
    _printf_c                                0x080001e3   Thumb Code     0  _printf_c.o(.ARM.Collect$$_printf_percent$$00000013)
    _printf_s                                0x080001ed   Thumb Code     0  _printf_s.o(.ARM.Collect$$_printf_percent$$00000014)
    _printf_lc                               0x080001f7   Thumb Code     0  _printf_lc.o(.ARM.Collect$$_printf_percent$$00000015)
    _printf_ls                               0x08000201   Thumb Code     0  _printf_ls.o(.ARM.Collect$$_printf_percent$$00000016)
    _printf_percent_end                      0x0800020b   Thumb Code     0  _printf_percent_end.o(.ARM.Collect$$_printf_percent$$00000017)
    __rt_lib_init                            0x0800020f   Thumb Code     0  libinit.o(.ARM.Collect$$libinit$$00000000)
    __rt_lib_init_fp_1                       0x08000211   Thumb Code     0  libinit2.o(.ARM.Collect$$libinit$$00000002)
    __rt_lib_init_heap_1                     0x08000211   Thumb Code     0  libinit2.o(.ARM.Collect$$libinit$$0000000A)
    __rt_lib_init_lc_common                  0x08000211   Thumb Code     0  libinit2.o(.ARM.Collect$$libinit$$0000000F)
    __rt_lib_init_preinit_1                  0x08000211   Thumb Code     0  libinit2.o(.ARM.Collect$$libinit$$00000004)
    __rt_lib_init_rand_1                     0x08000211   Thumb Code     0  libinit2.o(.ARM.Collect$$libinit$$0000000E)
    __rt_lib_init_user_alloc_1               0x08000211   Thumb Code     0  libinit2.o(.ARM.Collect$$libinit$$0000000C)
    __rt_lib_init_lc_collate_1               0x08000217   Thumb Code     0  libinit2.o(.ARM.Collect$$libinit$$00000011)
    __rt_lib_init_lc_ctype_2                 0x08000217   Thumb Code     0  libinit2.o(.ARM.Collect$$libinit$$00000012)
    __rt_lib_init_lc_ctype_1                 0x08000223   Thumb Code     0  libinit2.o(.ARM.Collect$$libinit$$00000013)
    __rt_lib_init_lc_monetary_1              0x08000223   Thumb Code     0  libinit2.o(.ARM.Collect$$libinit$$00000015)
    __rt_lib_init_lc_numeric_2               0x08000223   Thumb Code     0  libinit2.o(.ARM.Collect$$libinit$$00000016)
    __rt_lib_init_alloca_1                   0x0800022d   Thumb Code     0  libinit2.o(.ARM.Collect$$libinit$$0000002E)
    __rt_lib_init_argv_1                     0x0800022d   Thumb Code     0  libinit2.o(.ARM.Collect$$libinit$$0000002C)
    __rt_lib_init_atexit_1                   0x0800022d   Thumb Code     0  libinit2.o(.ARM.Collect$$libinit$$0000001B)
    __rt_lib_init_clock_1                    0x0800022d   Thumb Code     0  libinit2.o(.ARM.Collect$$libinit$$00000021)
    __rt_lib_init_cpp_1                      0x0800022d   Thumb Code     0  libinit2.o(.ARM.Collect$$libinit$$00000032)
    __rt_lib_init_exceptions_1               0x0800022d   Thumb Code     0  libinit2.o(.ARM.Collect$$libinit$$00000030)
    __rt_lib_init_fp_trap_1                  0x0800022d   Thumb Code     0  libinit2.o(.ARM.Collect$$libinit$$0000001F)
    __rt_lib_init_getenv_1                   0x0800022d   Thumb Code     0  libinit2.o(.ARM.Collect$$libinit$$00000023)
    __rt_lib_init_lc_numeric_1               0x0800022d   Thumb Code     0  libinit2.o(.ARM.Collect$$libinit$$00000017)
    __rt_lib_init_lc_time_1                  0x0800022d   Thumb Code     0  libinit2.o(.ARM.Collect$$libinit$$00000019)
    __rt_lib_init_return                     0x0800022d   Thumb Code     0  libinit2.o(.ARM.Collect$$libinit$$00000033)
    __rt_lib_init_signal_1                   0x0800022d   Thumb Code     0  libinit2.o(.ARM.Collect$$libinit$$0000001D)
    __rt_lib_init_stdio_1                    0x0800022d   Thumb Code     0  libinit2.o(.ARM.Collect$$libinit$$00000025)
    __rt_lib_shutdown                        0x0800022f   Thumb Code     0  libshutdown.o(.ARM.Collect$$libshutdown$$00000000)
    __rt_lib_shutdown_cpp_1                  0x08000231   Thumb Code     0  libshutdown2.o(.ARM.Collect$$libshutdown$$00000002)
    __rt_lib_shutdown_fp_trap_1              0x08000231   Thumb Code     0  libshutdown2.o(.ARM.Collect$$libshutdown$$00000007)
    __rt_lib_shutdown_heap_1                 0x08000231   Thumb Code     0  libshutdown2.o(.ARM.Collect$$libshutdown$$0000000F)
    __rt_lib_shutdown_return                 0x08000231   Thumb Code     0  libshutdown2.o(.ARM.Collect$$libshutdown$$00000010)
    __rt_lib_shutdown_signal_1               0x08000231   Thumb Code     0  libshutdown2.o(.ARM.Collect$$libshutdown$$0000000A)
    __rt_lib_shutdown_stdio_1                0x08000231   Thumb Code     0  libshutdown2.o(.ARM.Collect$$libshutdown$$00000004)
    __rt_lib_shutdown_user_alloc_1           0x08000231   Thumb Code     0  libshutdown2.o(.ARM.Collect$$libshutdown$$0000000C)
    __rt_entry                               0x08000233   Thumb Code     0  __rtentry.o(.ARM.Collect$$rtentry$$00000000)
    __rt_entry_presh_1                       0x08000233   Thumb Code     0  __rtentry2.o(.ARM.Collect$$rtentry$$00000002)
    __rt_entry_sh                            0x08000233   Thumb Code     0  __rtentry4.o(.ARM.Collect$$rtentry$$00000004)
    __rt_entry_li                            0x08000239   Thumb Code     0  __rtentry2.o(.ARM.Collect$$rtentry$$0000000A)
    __rt_entry_postsh_1                      0x08000239   Thumb Code     0  __rtentry2.o(.ARM.Collect$$rtentry$$00000009)
    __rt_entry_main                          0x0800023d   Thumb Code     0  __rtentry2.o(.ARM.Collect$$rtentry$$0000000D)
    __rt_entry_postli_1                      0x0800023d   Thumb Code     0  __rtentry2.o(.ARM.Collect$$rtentry$$0000000C)
    __rt_exit                                0x08000245   Thumb Code     0  rtexit.o(.ARM.Collect$$rtexit$$00000000)
    __rt_exit_ls                             0x08000247   Thumb Code     0  rtexit2.o(.ARM.Collect$$rtexit$$00000003)
    __rt_exit_prels_1                        0x08000247   Thumb Code     0  rtexit2.o(.ARM.Collect$$rtexit$$00000002)
    __rt_exit_exit                           0x0800024b   Thumb Code     0  rtexit2.o(.ARM.Collect$$rtexit$$00000004)
    Reset_Handler                            0x08000251   Thumb Code     8  startup_stm32f030x6.o(.text)
    NMI_Handler                              0x08000259   Thumb Code     2  startup_stm32f030x6.o(.text)
    HardFault_Handler                        0x0800025b   Thumb Code     2  startup_stm32f030x6.o(.text)
    SVC_Handler                              0x0800025d   Thumb Code     2  startup_stm32f030x6.o(.text)
    PendSV_Handler                           0x0800025f   Thumb Code     2  startup_stm32f030x6.o(.text)
    SysTick_Handler                          0x08000261   Thumb Code     2  startup_stm32f030x6.o(.text)
    ADC1_IRQHandler                          0x08000263   Thumb Code     0  startup_stm32f030x6.o(.text)
    DMA1_Channel1_IRQHandler                 0x08000263   Thumb Code     0  startup_stm32f030x6.o(.text)
    DMA1_Channel2_3_IRQHandler               0x08000263   Thumb Code     0  startup_stm32f030x6.o(.text)
    DMA1_Channel4_5_IRQHandler               0x08000263   Thumb Code     0  startup_stm32f030x6.o(.text)
    EXTI2_3_IRQHandler                       0x08000263   Thumb Code     0  startup_stm32f030x6.o(.text)
    EXTI4_15_IRQHandler                      0x08000263   Thumb Code     0  startup_stm32f030x6.o(.text)
    FLASH_IRQHandler                         0x08000263   Thumb Code     0  startup_stm32f030x6.o(.text)
    I2C1_IRQHandler                          0x08000263   Thumb Code     0  startup_stm32f030x6.o(.text)
    RCC_IRQHandler                           0x08000263   Thumb Code     0  startup_stm32f030x6.o(.text)
    RTC_IRQHandler                           0x08000263   Thumb Code     0  startup_stm32f030x6.o(.text)
    SPI1_IRQHandler                          0x08000263   Thumb Code     0  startup_stm32f030x6.o(.text)
    TIM14_IRQHandler                         0x08000263   Thumb Code     0  startup_stm32f030x6.o(.text)
    TIM17_IRQHandler                         0x08000263   Thumb Code     0  startup_stm32f030x6.o(.text)
    TIM1_BRK_UP_TRG_COM_IRQHandler           0x08000263   Thumb Code     0  startup_stm32f030x6.o(.text)
    TIM1_CC_IRQHandler                       0x08000263   Thumb Code     0  startup_stm32f030x6.o(.text)
    TIM3_IRQHandler                          0x08000263   Thumb Code     0  startup_stm32f030x6.o(.text)
    WWDG_IRQHandler                          0x08000263   Thumb Code     0  startup_stm32f030x6.o(.text)
    __user_initial_stackheap                 0x08000265   Thumb Code     0  startup_stm32f030x6.o(.text)
    __c89vsnprintf                           0x08000289   Thumb Code    50  c89vsnprintf.o(.text)
    __aeabi_uidiv                            0x080002c1   Thumb Code     0  aeabi_sdiv.o(.text)
    __aeabi_uidivmod                         0x080002c1   Thumb Code    20  aeabi_sdiv.o(.text)
    __aeabi_idiv                             0x080002d5   Thumb Code     0  aeabi_sdiv.o(.text)
    __aeabi_idivmod                          0x080002d5   Thumb Code   326  aeabi_sdiv.o(.text)
    __use_two_region_memory                  0x0800041b   Thumb Code     2  heapauxi.o(.text)
    __rt_heap_escrow$2region                 0x0800041d   Thumb Code     2  heapauxi.o(.text)
    __rt_heap_expand$2region                 0x0800041f   Thumb Code     2  heapauxi.o(.text)
    __aeabi_fdiv                             0x08000421   Thumb Code     0  fdiv.o(.text)
    _fdiv                                    0x08000421   Thumb Code   334  fdiv.o(.text)
    _frdiv                                   0x0800056f   Thumb Code     8  fdiv.o(.text)
    __aeabi_f2uiz                            0x08000581   Thumb Code     0  ffixui.o(.text)
    _ffixu                                   0x08000581   Thumb Code    48  ffixui.o(.text)
    __aeabi_i2f_normalise                    0x080005b1   Thumb Code    72  fflti.o(.text)
    __aeabi_i2f                              0x080005f9   Thumb Code    16  fflti.o(.text)
    _fflt                                    0x080005f9   Thumb Code     0  fflti.o(.text)
    __aeabi_ui2f                             0x08000609   Thumb Code     6  fflti.o(.text)
    _ffltu                                   0x08000609   Thumb Code     0  fflti.o(.text)
    _printf_pre_padding                      0x0800060f   Thumb Code    44  _printf_pad.o(.text)
    _printf_post_padding                     0x0800063b   Thumb Code    34  _printf_pad.o(.text)
    _printf_truncate_signed                  0x0800065d   Thumb Code    18  _printf_truncate.o(.text)
    _printf_truncate_unsigned                0x0800066f   Thumb Code    18  _printf_truncate.o(.text)
    _printf_str                              0x08000681   Thumb Code    82  _printf_str.o(.text)
    _printf_int_dec                          0x080006d5   Thumb Code    90  _printf_dec.o(.text)
    _printf_charcount                        0x08000741   Thumb Code    38  _printf_charcount.o(.text)
    _printf_char_common                      0x08000773   Thumb Code    32  _printf_char_common.o(.text)
    _sputc                                   0x08000799   Thumb Code    10  _sputc.o(.text)
    _snputc                                  0x080007a3   Thumb Code    16  _snputc.o(.text)
    _printf_wctomb                           0x080007b5   Thumb Code   182  _printf_wctomb.o(.text)
    _printf_longlong_dec                     0x08000871   Thumb Code    94  _printf_longlong_dec.o(.text)
    _printf_longlong_oct                     0x080008e1   Thumb Code    68  _printf_oct_int_ll.o(.text)
    _printf_int_oct                          0x08000925   Thumb Code    24  _printf_oct_int_ll.o(.text)
    _printf_ll_oct                           0x0800093d   Thumb Code    10  _printf_oct_int_ll.o(.text)
    _printf_longlong_hex                     0x08000951   Thumb Code    88  _printf_hex_int_ll_ptr.o(.text)
    _printf_int_hex                          0x080009a9   Thumb Code    28  _printf_hex_int_ll_ptr.o(.text)
    _printf_ll_hex                           0x080009c5   Thumb Code    10  _printf_hex_int_ll_ptr.o(.text)
    _printf_hex_ptr                          0x080009cf   Thumb Code    22  _printf_hex_int_ll_ptr.o(.text)
    __printf                                 0x080009e9   Thumb Code   386  __printf_flags_ss_wp.o(.text)
    _ll_udiv10                               0x08000b71   Thumb Code   122  lludiv10.o(.text)
    _printf_int_common                       0x08000beb   Thumb Code   176  _printf_intcommon.o(.text)
    __lib_sel_fp_printf                      0x08000c9d   Thumb Code     2  _printf_fp_dec.o(.text)
    _printf_fp_dec_real                      0x08000e37   Thumb Code   620  _printf_fp_dec.o(.text)
    _printf_cs_common                        0x080010b1   Thumb Code    22  _printf_char.o(.text)
    _printf_char                             0x080010c7   Thumb Code    16  _printf_char.o(.text)
    _printf_string                           0x080010d7   Thumb Code     8  _printf_char.o(.text)
    _printf_lcs_common                       0x080010df   Thumb Code    22  _printf_wchar.o(.text)
    _printf_wchar                            0x080010f5   Thumb Code    16  _printf_wchar.o(.text)
    _printf_wstring                          0x08001105   Thumb Code     8  _printf_wchar.o(.text)
    _wcrtomb                                 0x0800110d   Thumb Code    64  _wcrtomb.o(.text)
    __rt_udiv10                              0x0800114d   Thumb Code    40  rtudiv10.o(.text)
    __user_setup_stackheap                   0x08001175   Thumb Code    62  sys_stackheap_outer.o(.text)
    __rt_ctype_table                         0x080011b5   Thumb Code    16  rt_ctype_table.o(.text)
    __rt_locale                              0x080011c5   Thumb Code     8  rt_locale_intlibspace.o(.text)
    _printf_fp_infnan                        0x080011cd   Thumb Code   120  _printf_fp_infnan.o(.text)
    _btod_etento                             0x08001255   Thumb Code   196  bigflt0.o(.text)
    _btod_d2e                                0x0800131d   Thumb Code    64  btod.o(.text)
    _btod_emul                               0x08001713   Thumb Code    24  btod.o(.text)
    _btod_emuld                              0x0800172b   Thumb Code    88  btod.o(.text)
    _btod_ediv                               0x08001783   Thumb Code    22  btod.o(.text)
    _btod_edivd                              0x08001799   Thumb Code    60  btod.o(.text)
    exit                                     0x080017e5   Thumb Code    16  exit.o(.text)
    __user_libspace                          0x080017f5   Thumb Code     8  libspace.o(.text)
    __user_perproc_libspace                  0x080017f5   Thumb Code     0  libspace.o(.text)
    __user_perthread_libspace                0x080017f5   Thumb Code     0  libspace.o(.text)
    strcmp                                   0x080017fd   Thumb Code   132  strcmp.o(.text)
    _sys_exit                                0x08001885   Thumb Code     8  sys_exit.o(.text)
    __I$use$semihosting                      0x08001891   Thumb Code     0  use_no_semi.o(.text)
    __use_no_semihosting_swi                 0x08001891   Thumb Code     2  use_no_semi.o(.text)
    __semihosting_library_function           0x08001893   Thumb Code     0  indicate_semi.o(.text)
    EXTI0_1_IRQHandler                       0x08001895   Thumb Code    70  init.o(i.EXTI0_1_IRQHandler)
    SystemInit                               0x080018e9   Thumb Code   104  system_stm32f0xx.o(i.SystemInit)
    TIM16_IRQHandler                         0x0800195d   Thumb Code    20  init.o(i.TIM16_IRQHandler)
    USART1_IRQHandler                        0x08001979   Thumb Code    36  uart.o(i.USART1_IRQHandler)
    delay_init()                             0x080019a9   Thumb Code    16  delay.o(i._Z10delay_initv)
    init_TIM16()                             0x080019bd   Thumb Code    80  init.o(i._Z10init_TIM16v)
    uart_print(char*)                        0x08001a19   Thumb Code    56  uart.o(i._Z10uart_printPc)
    i2c_request(unsigned char)               0x08001a5d   Thumb Code    84  i2c.o(i._Z11i2c_requesth)
    uart_printf(char*, ...)                  0x08001ab9   Thumb Code    64  uart.o(i._Z11uart_printfPcz)
    i2c_transmit()                           0x08001b05   Thumb Code    92  i2c.o(i._Z12i2c_transmitv)
    max7219_init()                           0x08001b71   Thumb Code   176  max7219.o(i._Z12max7219_initv)
    ds1307_setTime(unsigned char, unsigned char, unsigned char, unsigned char, unsigned char, unsigned char, unsigned char) 0x08001c45   Thumb Code   202  ds1307.o(i._Z14ds1307_setTimehhhhhhh)
    i2c_readBuffer(unsigned char)            0x08001d11   Thumb Code     8  i2c.o(i._Z14i2c_readBufferh)
    wordclock_init()                         0x08001d1d   Thumb Code     8  wordclock.o(i._Z14wordclock_initv)
    ds1307_loadTime()                        0x08001d25   Thumb Code    42  ds1307.o(i._Z15ds1307_loadTimev)
    ds1307_readTime(unsigned char*, unsigned char*, unsigned char*, unsigned char*, unsigned char*, unsigned char*, unsigned char*) 0x08001d55   Thumb Code   162  ds1307.o(i._Z15ds1307_readTimePhS_S_S_S_S_S_)
    i2c_writeBuffer(unsigned char)           0x08001dfd   Thumb Code    18  i2c.o(i._Z15i2c_writeBufferh)
    wordclock_update(unsigned char, unsigned char) 0x08001f09   Thumb Code  2070  wordclock.o(i._Z16wordclock_updatehh)
    i2c_setSlaveAddress(unsigned char)       0x08002725   Thumb Code    10  i2c.o(i._Z19i2c_setSlaveAddressh)
    max7219_zeroDisplay()                    0x08002735   Thumb Code    32  max7219.o(i._Z19max7219_zeroDisplayv)
    max7219_setIntensity(unsigned char)      0x08002755   Thumb Code    20  max7219.o(i._Z20max7219_setIntensityh)
    wordclock_sendBuffer()                   0x08002769   Thumb Code    84  wordclock.o(i._Z20wordclock_sendBufferv)
    max7219_writeAllRegisters(unsigned char, unsigned char) 0x080027c1   Thumb Code    46  max7219.o(i._Z25max7219_writeAllRegistershh)
    max7219_writeSingleRegister(unsigned char, unsigned char) 0x080027f1   Thumb Code    40  max7219.o(i._Z27max7219_writeSingleRegisterhh)
    delay_ms(unsigned short)                 0x0800281d   Thumb Code    44  delay.o(i._Z8delay_mst)
    delay_us(unsigned short)                 0x08002851   Thumb Code    44  delay.o(i._Z8delay_ust)
    i2c_init()                               0x08002881   Thumb Code   100  i2c.o(i._Z8i2c_initv)
    init_RCC()                               0x080028f1   Thumb Code    88  init.o(i._Z8init_RCCv)
    init_GPIO()                              0x08002951   Thumb Code    82  init.o(i._Z9init_GPIOv)
    uart_init(unsigned)                      0x080029ad   Thumb Code   230  uart.o(i._Z9uart_initj)
    __ARM_common_ll_muluu                    0x08002aad   Thumb Code    48  btod.o(i.__ARM_common_ll_muluu)
    __ARM_common_switch8                     0x08002add   Thumb Code    28  main.o(i.__ARM_common_switch8)
    __ARM_fpclassify                         0x08002af9   Thumb Code    40  fpclassify.o(i.__ARM_fpclassify)
    _is_digit                                0x08002b25   Thumb Code    14  __printf_wp.o(i._is_digit)
    floorf                                   0x08002b35   Thumb Code    98  floorf.o(i.floorf)
    main                                     0x08002ba5   Thumb Code   384  main.o(i.main)
    _get_lc_numeric                          0x08002da5   Thumb Code    44  lc_numeric_c.o(locale$$code)
    _get_lc_ctype                            0x08002dd1   Thumb Code    44  lc_ctype_c.o(locale$$code)
    __aeabi_fadd                             0x08002dfd   Thumb Code     0  faddsub.o(x$fpl$fadd)
    _fadd                                    0x08002dfd   Thumb Code   134  faddsub.o(x$fpl$fadd)
    __aeabi_frsub                            0x08002e89   Thumb Code     0  faddsub.o(x$fpl$frsb)
    _frsb                                    0x08002e89   Thumb Code    24  faddsub.o(x$fpl$frsb)
    __aeabi_fsub                             0x08002ea1   Thumb Code     0  faddsub.o(x$fpl$fsub)
    _fsub                                    0x08002ea1   Thumb Code   204  faddsub.o(x$fpl$fsub)
    _printf_fp_dec                           0x08002f71   Thumb Code    16  printf1.o(x$fpl$printf1)
    __I$use$fp                               0x08002f80   Number         0  usenofp.o(x$fpl$usenofp)
    Region$$Table$$Base                      0x08003098   Number         0  anon$$obj.o(Region$$Table)
    Region$$Table$$Limit                     0x080030b8   Number         0  anon$$obj.o(Region$$Table)
    __ctype                                  0x080030e1   Data           0  lc_ctype_c.o(locale$$data)
    rtcSec                                   0x20000000   Data           1  main.o(.data)
    rtcMin                                   0x20000001   Data           1  main.o(.data)
    rtcHrs                                   0x20000002   Data           1  main.o(.data)
    rtcDay                                   0x20000003   Data           1  main.o(.data)
    rtcMon                                   0x20000004   Data           1  main.o(.data)
    rtcYear                                  0x20000005   Data           1  main.o(.data)
    rtcDOW                                   0x20000006   Data           1  main.o(.data)
    update                                   0x20000007   Data           1  init.o(.data)
    btn_hrs                                  0x20000008   Data           1  init.o(.data)
    btn_min                                  0x20000009   Data           1  init.o(.data)
    TXpos                                    0x2000000a   Data           1  i2c.o(.data)
    posRX                                    0x2000000b   Data           1  uart.o(.data)
    registers                                0x2000000c   Data           8  ds1307.o(.data)
    TXbuffer                                 0x20000014   Data          12  i2c.o(.bss)
    RXbuffer                                 0x20000020   Data          12  i2c.o(.bss)
    bufferTX                                 0x2000002c   Data         128  uart.o(.bss)
    bufferRX                                 0x200000ac   Data          32  uart.o(.bss)
    digitBuffers                             0x200000cc   Data          24  wordclock.o(.bss)
    __libspace_start                         0x200000e4   Data          96  libspace.o(.bss)
    __temporary_stack_top$libspace           0x20000144   Data           0  libspace.o(.bss)



==============================================================================

Memory Map of the image

  Image Entry point : 0x080000b1

  Load Region LR_IROM1 (Base: 0x08000000, Size: 0x000031f8, Max: 0x00004000, ABSOLUTE)

    Execution Region ER_IROM1 (Base: 0x08000000, Size: 0x000031e4, Max: 0x00004000, ABSOLUTE)

    Base Addr    Size         Type   Attr      Idx    E Section Name        Object

    0x08000000   0x000000b0   Data   RO          462    RESET               startup_stm32f030x6.o
    0x080000b0   0x00000008   Code   RO          529  * !!!main             c_p.l(__main.o)
    0x080000b8   0x0000003c   Code   RO          856    !!!scatter          c_p.l(__scatter.o)
    0x080000f4   0x0000001a   Code   RO          858    !!handler_copy      c_p.l(__scatter_copy.o)
    0x0800010e   0x00000002   PAD
    0x08000110   0x0000001c   Code   RO          860    !!handler_zi        c_p.l(__scatter_zi.o)
    0x0800012c   0x00000002   Code   RO          636    .ARM.Collect$$_printf_percent$$00000000  c_p.l(_printf_percent.o)
    0x0800012e   0x0000000a   Code   RO          625    .ARM.Collect$$_printf_percent$$00000001  c_p.l(_printf_n.o)
    0x08000138   0x0000000a   Code   RO          627    .ARM.Collect$$_printf_percent$$00000002  c_p.l(_printf_p.o)
    0x08000142   0x0000000a   Code   RO          632    .ARM.Collect$$_printf_percent$$00000003  c_p.l(_printf_f.o)
    0x0800014c   0x0000000a   Code   RO          633    .ARM.Collect$$_printf_percent$$00000004  c_p.l(_printf_e.o)
    0x08000156   0x0000000a   Code   RO          634    .ARM.Collect$$_printf_percent$$00000005  c_p.l(_printf_g.o)
    0x08000160   0x0000000a   Code   RO          635    .ARM.Collect$$_printf_percent$$00000006  c_p.l(_printf_a.o)
    0x0800016a   0x0000000a   Code   RO          640    .ARM.Collect$$_printf_percent$$00000007  c_p.l(_printf_ll.o)
    0x08000174   0x0000000a   Code   RO          629    .ARM.Collect$$_printf_percent$$00000008  c_p.l(_printf_i.o)
    0x0800017e   0x0000000a   Code   RO          630    .ARM.Collect$$_printf_percent$$00000009  c_p.l(_printf_d.o)
    0x08000188   0x0000000a   Code   RO          631    .ARM.Collect$$_printf_percent$$0000000A  c_p.l(_printf_u.o)
    0x08000192   0x0000000a   Code   RO          628    .ARM.Collect$$_printf_percent$$0000000B  c_p.l(_printf_o.o)
    0x0800019c   0x0000000a   Code   RO          626    .ARM.Collect$$_printf_percent$$0000000C  c_p.l(_printf_x.o)
    0x080001a6   0x0000000a   Code   RO          637    .ARM.Collect$$_printf_percent$$0000000D  c_p.l(_printf_lli.o)
    0x080001b0   0x0000000a   Code   RO          638    .ARM.Collect$$_printf_percent$$0000000E  c_p.l(_printf_lld.o)
    0x080001ba   0x0000000a   Code   RO          639    .ARM.Collect$$_printf_percent$$0000000F  c_p.l(_printf_llu.o)
    0x080001c4   0x0000000a   Code   RO          644    .ARM.Collect$$_printf_percent$$00000010  c_p.l(_printf_llo.o)
    0x080001ce   0x0000000a   Code   RO          645    .ARM.Collect$$_printf_percent$$00000011  c_p.l(_printf_llx.o)
    0x080001d8   0x0000000a   Code   RO          641    .ARM.Collect$$_printf_percent$$00000012  c_p.l(_printf_l.o)
    0x080001e2   0x0000000a   Code   RO          623    .ARM.Collect$$_printf_percent$$00000013  c_p.l(_printf_c.o)
    0x080001ec   0x0000000a   Code   RO          624    .ARM.Collect$$_printf_percent$$00000014  c_p.l(_printf_s.o)
    0x080001f6   0x0000000a   Code   RO          642    .ARM.Collect$$_printf_percent$$00000015  c_p.l(_printf_lc.o)
    0x08000200   0x0000000a   Code   RO          643    .ARM.Collect$$_printf_percent$$00000016  c_p.l(_printf_ls.o)
    0x0800020a   0x00000004   Code   RO          678    .ARM.Collect$$_printf_percent$$00000017  c_p.l(_printf_percent_end.o)
    0x0800020e   0x00000002   Code   RO          716    .ARM.Collect$$libinit$$00000000  c_p.l(libinit.o)
    0x08000210   0x00000000   Code   RO          739    .ARM.Collect$$libinit$$00000002  c_p.l(libinit2.o)
    0x08000210   0x00000000   Code   RO          741    .ARM.Collect$$libinit$$00000004  c_p.l(libinit2.o)
    0x08000210   0x00000000   Code   RO          744    .ARM.Collect$$libinit$$0000000A  c_p.l(libinit2.o)
    0x08000210   0x00000000   Code   RO          746    .ARM.Collect$$libinit$$0000000C  c_p.l(libinit2.o)
    0x08000210   0x00000000   Code   RO          748    .ARM.Collect$$libinit$$0000000E  c_p.l(libinit2.o)
    0x08000210   0x00000006   Code   RO          749    .ARM.Collect$$libinit$$0000000F  c_p.l(libinit2.o)
    0x08000216   0x00000000   Code   RO          751    .ARM.Collect$$libinit$$00000011  c_p.l(libinit2.o)
    0x08000216   0x0000000c   Code   RO          752    .ARM.Collect$$libinit$$00000012  c_p.l(libinit2.o)
    0x08000222   0x00000000   Code   RO          753    .ARM.Collect$$libinit$$00000013  c_p.l(libinit2.o)
    0x08000222   0x00000000   Code   RO          755    .ARM.Collect$$libinit$$00000015  c_p.l(libinit2.o)
    0x08000222   0x0000000a   Code   RO          756    .ARM.Collect$$libinit$$00000016  c_p.l(libinit2.o)
    0x0800022c   0x00000000   Code   RO          757    .ARM.Collect$$libinit$$00000017  c_p.l(libinit2.o)
    0x0800022c   0x00000000   Code   RO          759    .ARM.Collect$$libinit$$00000019  c_p.l(libinit2.o)
    0x0800022c   0x00000000   Code   RO          761    .ARM.Collect$$libinit$$0000001B  c_p.l(libinit2.o)
    0x0800022c   0x00000000   Code   RO          763    .ARM.Collect$$libinit$$0000001D  c_p.l(libinit2.o)
    0x0800022c   0x00000000   Code   RO          765    .ARM.Collect$$libinit$$0000001F  c_p.l(libinit2.o)
    0x0800022c   0x00000000   Code   RO          767    .ARM.Collect$$libinit$$00000021  c_p.l(libinit2.o)
    0x0800022c   0x00000000   Code   RO          769    .ARM.Collect$$libinit$$00000023  c_p.l(libinit2.o)
    0x0800022c   0x00000000   Code   RO          771    .ARM.Collect$$libinit$$00000025  c_p.l(libinit2.o)
    0x0800022c   0x00000000   Code   RO          775    .ARM.Collect$$libinit$$0000002C  c_p.l(libinit2.o)
    0x0800022c   0x00000000   Code   RO          777    .ARM.Collect$$libinit$$0000002E  c_p.l(libinit2.o)
    0x0800022c   0x00000000   Code   RO          779    .ARM.Collect$$libinit$$00000030  c_p.l(libinit2.o)
    0x0800022c   0x00000000   Code   RO          781    .ARM.Collect$$libinit$$00000032  c_p.l(libinit2.o)
    0x0800022c   0x00000002   Code   RO          782    .ARM.Collect$$libinit$$00000033  c_p.l(libinit2.o)
    0x0800022e   0x00000002   Code   RO          813    .ARM.Collect$$libshutdown$$00000000  c_p.l(libshutdown.o)
    0x08000230   0x00000000   Code   RO          839    .ARM.Collect$$libshutdown$$00000002  c_p.l(libshutdown2.o)
    0x08000230   0x00000000   Code   RO          841    .ARM.Collect$$libshutdown$$00000004  c_p.l(libshutdown2.o)
    0x08000230   0x00000000   Code   RO          844    .ARM.Collect$$libshutdown$$00000007  c_p.l(libshutdown2.o)
    0x08000230   0x00000000   Code   RO          847    .ARM.Collect$$libshutdown$$0000000A  c_p.l(libshutdown2.o)
    0x08000230   0x00000000   Code   RO          849    .ARM.Collect$$libshutdown$$0000000C  c_p.l(libshutdown2.o)
    0x08000230   0x00000000   Code   RO          852    .ARM.Collect$$libshutdown$$0000000F  c_p.l(libshutdown2.o)
    0x08000230   0x00000002   Code   RO          853    .ARM.Collect$$libshutdown$$00000010  c_p.l(libshutdown2.o)
    0x08000232   0x00000000   Code   RO          548    .ARM.Collect$$rtentry$$00000000  c_p.l(__rtentry.o)
    0x08000232   0x00000000   Code   RO          650    .ARM.Collect$$rtentry$$00000002  c_p.l(__rtentry2.o)
    0x08000232   0x00000006   Code   RO          662    .ARM.Collect$$rtentry$$00000004  c_p.l(__rtentry4.o)
    0x08000238   0x00000000   Code   RO          652    .ARM.Collect$$rtentry$$00000009  c_p.l(__rtentry2.o)
    0x08000238   0x00000004   Code   RO          653    .ARM.Collect$$rtentry$$0000000A  c_p.l(__rtentry2.o)
    0x0800023c   0x00000000   Code   RO          655    .ARM.Collect$$rtentry$$0000000C  c_p.l(__rtentry2.o)
    0x0800023c   0x00000008   Code   RO          656    .ARM.Collect$$rtentry$$0000000D  c_p.l(__rtentry2.o)
    0x08000244   0x00000002   Code   RO          725    .ARM.Collect$$rtexit$$00000000  c_p.l(rtexit.o)
    0x08000246   0x00000000   Code   RO          786    .ARM.Collect$$rtexit$$00000002  c_p.l(rtexit2.o)
    0x08000246   0x00000004   Code   RO          787    .ARM.Collect$$rtexit$$00000003  c_p.l(rtexit2.o)
    0x0800024a   0x00000006   Code   RO          788    .ARM.Collect$$rtexit$$00000004  c_p.l(rtexit2.o)
    0x08000250   0x00000038   Code   RO          463    .text               startup_stm32f030x6.o
    0x08000288   0x00000038   Code   RO          521    .text               c_p.l(c89vsnprintf.o)
    0x080002c0   0x0000015a   Code   RO          523    .text               c_p.l(aeabi_sdiv.o)
    0x0800041a   0x00000006   Code   RO          527    .text               c_p.l(heapauxi.o)
    0x08000420   0x00000160   Code   RO          537    .text               fz_ps.l(fdiv.o)
    0x08000580   0x00000030   Code   RO          540    .text               fz_ps.l(ffixui.o)
    0x080005b0   0x0000005e   Code   RO          542    .text               fz_ps.l(fflti.o)
    0x0800060e   0x0000004e   Code   RO          555    .text               c_p.l(_printf_pad.o)
    0x0800065c   0x00000024   Code   RO          557    .text               c_p.l(_printf_truncate.o)
    0x08000680   0x00000052   Code   RO          559    .text               c_p.l(_printf_str.o)
    0x080006d2   0x00000002   PAD
    0x080006d4   0x0000006c   Code   RO          561    .text               c_p.l(_printf_dec.o)
    0x08000740   0x00000026   Code   RO          563    .text               c_p.l(_printf_charcount.o)
    0x08000766   0x00000002   PAD
    0x08000768   0x00000030   Code   RO          565    .text               c_p.l(_printf_char_common.o)
    0x08000798   0x0000000a   Code   RO          567    .text               c_p.l(_sputc.o)
    0x080007a2   0x00000010   Code   RO          569    .text               c_p.l(_snputc.o)
    0x080007b2   0x00000002   PAD
    0x080007b4   0x000000bc   Code   RO          571    .text               c_p.l(_printf_wctomb.o)
    0x08000870   0x00000070   Code   RO          574    .text               c_p.l(_printf_longlong_dec.o)
    0x080008e0   0x00000070   Code   RO          580    .text               c_p.l(_printf_oct_int_ll.o)
    0x08000950   0x00000098   Code   RO          600    .text               c_p.l(_printf_hex_int_ll_ptr.o)
    0x080009e8   0x00000188   Code   RO          620    .text               c_p.l(__printf_flags_ss_wp.o)
    0x08000b70   0x0000007a   Code   RO          666    .text               c_p.l(lludiv10.o)
    0x08000bea   0x000000b0   Code   RO          668    .text               c_p.l(_printf_intcommon.o)
    0x08000c9a   0x00000002   PAD
    0x08000c9c   0x00000414   Code   RO          670    .text               c_p.l(_printf_fp_dec.o)
    0x080010b0   0x0000002e   Code   RO          674    .text               c_p.l(_printf_char.o)
    0x080010de   0x0000002e   Code   RO          676    .text               c_p.l(_printf_wchar.o)
    0x0800110c   0x00000040   Code   RO          679    .text               c_p.l(_wcrtomb.o)
    0x0800114c   0x00000028   Code   RO          681    .text               c_p.l(rtudiv10.o)
    0x08001174   0x0000003e   Code   RO          683    .text               c_p.l(sys_stackheap_outer.o)
    0x080011b2   0x00000002   PAD
    0x080011b4   0x00000010   Code   RO          686    .text               c_p.l(rt_ctype_table.o)
    0x080011c4   0x00000008   Code   RO          691    .text               c_p.l(rt_locale_intlibspace.o)
    0x080011cc   0x00000088   Code   RO          693    .text               c_p.l(_printf_fp_infnan.o)
    0x08001254   0x000000c8   Code   RO          695    .text               c_p.l(bigflt0.o)
    0x0800131c   0x000004c8   Code   RO          698    .text               c_p.l(btod.o)
    0x080017e4   0x00000010   Code   RO          705    .text               c_p.l(exit.o)
    0x080017f4   0x00000008   Code   RO          721    .text               c_p.l(libspace.o)
    0x080017fc   0x00000088   Code   RO          736    .text               c_p.l(strcmp.o)
    0x08001884   0x0000000c   Code   RO          783    .text               c_p.l(sys_exit.o)
    0x08001890   0x00000002   Code   RO          802    .text               c_p.l(use_no_semi.o)
    0x08001892   0x00000000   Code   RO          804    .text               c_p.l(indicate_semi.o)
    0x08001892   0x00000002   PAD
    0x08001894   0x00000054   Code   RO          109    i.EXTI0_1_IRQHandler  init.o
    0x080018e8   0x00000074   Code   RO          470    i.SystemInit        system_stm32f0xx.o
    0x0800195c   0x0000001c   Code   RO          110    i.TIM16_IRQHandler  init.o
    0x08001978   0x00000030   Code   RO          267    i.USART1_IRQHandler  uart.o
    0x080019a8   0x00000014   Code   RO           74    i._Z10delay_initv   delay.o
    0x080019bc   0x0000005c   Code   RO          111    i._Z10init_TIM16v   init.o
    0x08001a18   0x00000044   Code   RO          268    i._Z10uart_printPc  uart.o
    0x08001a5c   0x0000005c   Code   RO          176    i._Z11i2c_requesth  i2c.o
    0x08001ab8   0x0000004c   Code   RO          269    i._Z11uart_printfPcz  uart.o
    0x08001b04   0x0000006c   Code   RO          177    i._Z12i2c_transmitv  i2c.o
    0x08001b70   0x000000bc   Code   RO          365    i._Z12max7219_initv  max7219.o
    0x08001c2c   0x00000018   Code   RO          112    i._Z14NVIC_EnableIRQ9IRQn_Type  init.o
    0x08001c44   0x000000ca   Code   RO          330    i._Z14ds1307_setTimehhhhhhh  ds1307.o
    0x08001d0e   0x00000002   PAD
    0x08001d10   0x0000000c   Code   RO          178    i._Z14i2c_readBufferh  i2c.o
    0x08001d1c   0x00000008   Code   RO          424    i._Z14wordclock_initv  wordclock.o
    0x08001d24   0x00000030   Code   RO          331    i._Z15ds1307_loadTimev  ds1307.o
    0x08001d54   0x000000a8   Code   RO          332    i._Z15ds1307_readTimePhS_S_S_S_S_S_  ds1307.o
    0x08001dfc   0x0000001c   Code   RO          179    i._Z15i2c_writeBufferh  i2c.o
    0x08001e18   0x00000078   Code   RO          113    i._Z16NVIC_SetPriority9IRQn_Typej  init.o
    0x08001e90   0x00000078   Code   RO          270    i._Z16NVIC_SetPriority9IRQn_Typej  uart.o
    0x08001f08   0x0000081c   Code   RO          425    i._Z16wordclock_updatehh  wordclock.o
    0x08002724   0x00000010   Code   RO          180    i._Z19i2c_setSlaveAddressh  i2c.o
    0x08002734   0x00000020   Code   RO          367    i._Z19max7219_zeroDisplayv  max7219.o
    0x08002754   0x00000014   Code   RO          368    i._Z20max7219_setIntensityh  max7219.o
    0x08002768   0x00000058   Code   RO          426    i._Z20wordclock_sendBufferv  wordclock.o
    0x080027c0   0x0000002e   Code   RO          369    i._Z25max7219_writeAllRegistershh  max7219.o
    0x080027ee   0x00000002   PAD
    0x080027f0   0x0000002c   Code   RO          370    i._Z27max7219_writeSingleRegisterhh  max7219.o
    0x0800281c   0x00000034   Code   RO           75    i._Z8delay_mst      delay.o
    0x08002850   0x00000030   Code   RO           76    i._Z8delay_ust      delay.o
    0x08002880   0x00000070   Code   RO          181    i._Z8i2c_initv      i2c.o
    0x080028f0   0x00000060   Code   RO          114    i._Z8init_RCCv      init.o
    0x08002950   0x0000005c   Code   RO          115    i._Z9init_GPIOv     init.o
    0x080029ac   0x00000100   Code   RO          271    i._Z9uart_initj     uart.o
    0x08002aac   0x00000030   Code   RO          700    i.__ARM_common_ll_muluu  c_p.l(btod.o)
    0x08002adc   0x0000001c   Code   RO           23    i.__ARM_common_switch8  main.o
    0x08002af8   0x0000002c   Code   RO          719    i.__ARM_fpclassify  m_ps.l(fpclassify.o)
    0x08002b24   0x0000000e   Code   RO          613    i._is_digit         c_p.l(__printf_wp.o)
    0x08002b32   0x00000002   PAD
    0x08002b34   0x00000070   Code   RO          545    i.floorf            m_ps.l(floorf.o)
    0x08002ba4   0x00000200   Code   RO            3    i.main              main.o
    0x08002da4   0x0000002c   Code   RO          703    locale$$code        c_p.l(lc_numeric_c.o)
    0x08002dd0   0x0000002c   Code   RO          730    locale$$code        c_p.l(lc_ctype_c.o)
    0x08002dfc   0x0000008c   Code   RO          531    x$fpl$fadd          fz_ps.l(faddsub.o)
    0x08002e88   0x00000018   Code   RO          532    x$fpl$frsb          fz_ps.l(faddsub.o)
    0x08002ea0   0x000000d0   Code   RO          533    x$fpl$fsub          fz_ps.l(faddsub.o)
    0x08002f70   0x00000010   Code   RO          646    x$fpl$printf1       fz_ps.l(printf1.o)
    0x08002f80   0x00000000   Code   RO          648    x$fpl$usenofp       fz_ps.l(usenofp.o)
    0x08002f80   0x00000040   Data   RO          538    .constdata          fz_ps.l(fdiv.o)
    0x08002fc0   0x00000008   Data   RO          572    .constdata          c_p.l(_printf_wctomb.o)
    0x08002fc8   0x00000028   Data   RO          601    .constdata          c_p.l(_printf_hex_int_ll_ptr.o)
    0x08002ff0   0x00000011   Data   RO          621    .constdata          c_p.l(__printf_flags_ss_wp.o)
    0x08003001   0x00000003   PAD
    0x08003004   0x00000094   Data   RO          696    .constdata          c_p.l(bigflt0.o)
    0x08003098   0x00000020   Data   RO          854    Region$$Table       anon$$obj.o
    0x080030b8   0x0000001c   Data   RO          702    locale$$data        c_p.l(lc_numeric_c.o)
    0x080030d4   0x00000110   Data   RO          729    locale$$data        c_p.l(lc_ctype_c.o)


    Execution Region RW_IRAM1 (Base: 0x20000000, Size: 0x00000748, Max: 0x00001000, ABSOLUTE)

    Base Addr    Size         Type   Attr      Idx    E Section Name        Object

    0x20000000   0x00000007   Data   RW            5    .data               main.o
    0x20000007   0x00000003   Data   RW          123    .data               init.o
    0x2000000a   0x00000001   Data   RW          189    .data               i2c.o
    0x2000000b   0x00000001   Data   RW          278    .data               uart.o
    0x2000000c   0x00000008   Data   RW          336    .data               ds1307.o
    0x20000014   0x00000018   Zero   RW          188    .bss                i2c.o
    0x2000002c   0x000000a0   Zero   RW          277    .bss                uart.o
    0x200000cc   0x00000018   Zero   RW          430    .bss                wordclock.o
    0x200000e4   0x00000060   Zero   RW          722    .bss                c_p.l(libspace.o)
    0x20000144   0x00000004   PAD
    0x20000148   0x00000200   Zero   RW          461    HEAP                startup_stm32f030x6.o
    0x20000348   0x00000400   Zero   RW          460    STACK               startup_stm32f030x6.o


==============================================================================

Image component sizes


      Code (inc. data)   RO Data    RW Data    ZI Data      Debug   Object Name

       120         16          0          0          0       1215   delay.o
       418         12          0          8          0       3737   ds1307.o
       368         56          0          1         24       3243   i2c.o
       536         68          0          3          0       9577   init.o
       540        138          0          7          0      99939   main.o
       330         16          0          0          0       2594   max7219.o
        56         26        176          0       1536        636   startup_stm32f030x6.o
       116         12          0          0          0       1917   system_stm32f0xx.o
       568         72          0          1        160      10437   uart.o
      2172         50          0          0         24       3290   wordclock.o

    ----------------------------------------------------------------------
      5228        466        208         20       1744     136585   Object Totals
         0          0         32          0          0          0   (incl. Generated)
         4          0          0          0          0          0   (incl. Padding)

    ----------------------------------------------------------------------

      Code (inc. data)   RO Data    RW Data    ZI Data      Debug   Library Member Name

         8          0          0          0          0         68   __main.o
       392          6         17          0          0         76   __printf_flags_ss_wp.o
        14          0          0          0          0         60   __printf_wp.o
         0          0          0          0          0          0   __rtentry.o
        12          0          0          0          0          0   __rtentry2.o
         6          0          0          0          0          0   __rtentry4.o
        60          8          0          0          0          0   __scatter.o
        26          0          0          0          0          0   __scatter_copy.o
        28          0          0          0          0          0   __scatter_zi.o
        10          0          0          0          0          0   _printf_a.o
        10          0          0          0          0          0   _printf_c.o
        46          0          0          0          0        100   _printf_char.o
        48          6          0          0          0         88   _printf_char_common.o
        38          0          0          0          0         60   _printf_charcount.o
        10          0          0          0          0          0   _printf_d.o
       108         18          0          0          0         76   _printf_dec.o
        10          0          0          0          0          0   _printf_e.o
        10          0          0          0          0          0   _printf_f.o
      1044         14          0          0          0        176   _printf_fp_dec.o
       136         16          0          0          0         76   _printf_fp_infnan.o
        10          0          0          0          0          0   _printf_g.o
       152          4         40          0          0        148   _printf_hex_int_ll_ptr.o
        10          0          0          0          0          0   _printf_i.o
       176          0          0          0          0         84   _printf_intcommon.o
        10          0          0          0          0          0   _printf_l.o
        10          0          0          0          0          0   _printf_lc.o
        10          0          0          0          0          0   _printf_ll.o
        10          0          0          0          0          0   _printf_lld.o
        10          0          0          0          0          0   _printf_lli.o
        10          0          0          0          0          0   _printf_llo.o
        10          0          0          0          0          0   _printf_llu.o
        10          0          0          0          0          0   _printf_llx.o
       112         18          0          0          0         76   _printf_longlong_dec.o
        10          0          0          0          0          0   _printf_ls.o
        10          0          0          0          0          0   _printf_n.o
        10          0          0          0          0          0   _printf_o.o
       112         10          0          0          0        112   _printf_oct_int_ll.o
        10          0          0          0          0          0   _printf_p.o
        78          0          0          0          0        100   _printf_pad.o
         2          0          0          0          0          0   _printf_percent.o
         4          0          0          0          0          0   _printf_percent_end.o
        10          0          0          0          0          0   _printf_s.o
        82          0          0          0          0         72   _printf_str.o
        36          0          0          0          0         76   _printf_truncate.o
        10          0          0          0          0          0   _printf_u.o
        46          0          0          0          0        100   _printf_wchar.o
       188          6          8          0          0         80   _printf_wctomb.o
        10          0          0          0          0          0   _printf_x.o
        16          0          0          0          0         60   _snputc.o
        10          0          0          0          0         60   _sputc.o
        64          0          0          0          0         72   _wcrtomb.o
       346          0          0          0          0         92   aeabi_sdiv.o
       200          4        148          0          0         80   bigflt0.o
      1272         16          0          0          0        328   btod.o
        56          6          0          0          0         72   c89vsnprintf.o
        16          0          0          0          0         68   exit.o
         6          0          0          0          0        136   heapauxi.o
         0          0          0          0          0          0   indicate_semi.o
        44         10        272          0          0         76   lc_ctype_c.o
        44         10         28          0          0         76   lc_numeric_c.o
         2          0          0          0          0          0   libinit.o
        30          0          0          0          0          0   libinit2.o
         2          0          0          0          0          0   libshutdown.o
         2          0          0          0          0          0   libshutdown2.o
         8          4          0          0         96         68   libspace.o
       122          0          0          0          0         72   lludiv10.o
        16          4          0          0          0         76   rt_ctype_table.o
         8          4          0          0          0         68   rt_locale_intlibspace.o
         2          0          0          0          0          0   rtexit.o
        10          0          0          0          0          0   rtexit2.o
        40          0          0          0          0         60   rtudiv10.o
       136          4          0          0          0         72   strcmp.o
        12          4          0          0          0         60   sys_exit.o
        62          0          0          0          0         80   sys_stackheap_outer.o
         2          0          0          0          0         68   use_no_semi.o
       372          8          0          0          0        240   faddsub.o
       352         10         64          0          0         92   fdiv.o
        48          0          0          0          0         60   ffixui.o
        94          0          0          0          0         92   fflti.o
        16          4          0          0          0         76   printf1.o
         0          0          0          0          0          0   usenofp.o
       112         14          0          0          0         76   floorf.o
        44          4          0          0          0         60   fpclassify.o

    ----------------------------------------------------------------------
      6756        212        580          0        100       4068   Library Totals
        16          0          3          0          4          0   (incl. Padding)

    ----------------------------------------------------------------------

      Code (inc. data)   RO Data    RW Data    ZI Data      Debug   Library Name

      5702        172        513          0         96       3372   c_p.l
       882         22         64          0          0        560   fz_ps.l
       156         18          0          0          0        136   m_ps.l

    ----------------------------------------------------------------------
      6756        212        580          0        100       4068   Library Totals

    ----------------------------------------------------------------------

==============================================================================


      Code (inc. data)   RO Data    RW Data    ZI Data      Debug   

     11984        678        788         20       1844     137189   Grand Totals
     11984        678        788         20       1844     137189   ELF Image Totals
     11984        678        788         20          0          0   ROM Totals

==============================================================================

    Total RO  Size (Code + RO Data)                12772 (  12.47kB)
    Total RW  Size (RW Data + ZI Data)              1864 (   1.82kB)
    Total ROM Size (Code + RO Data + RW Data)      12792 (  12.49kB)

==============================================================================

